******************************************************************************
                  TI ARM Linker PC v20.2.7                     
******************************************************************************
>> Linked Wed May  8 00:45:32 2024

OUTPUT FILE NAME:   <RTOS_TivaC.out>
ENTRY POINT SYMBOL: "_c_int00_noargs"  address: 000017b9


MEMORY CONFIGURATION

         name            origin    length      used     unused   attr    fill
----------------------  --------  ---------  --------  --------  ----  --------
  FLASH                 00000000   00040000  00001848  0003e7b8  R  X
  SRAM                  20000000   00008000  00000730  000078d0  RW X


SEGMENT ALLOCATION MAP

run origin  load origin   length   init length attrs members
----------  ----------- ---------- ----------- ----- -------
00000000    00000000    00001848   00001848    r-x
  00000000    00000000    0000026c   0000026c    r-- .intvecs
  0000026c    0000026c    000015a2   000015a2    r-x .text
  0000180e    0000180e    0000000a   0000000a    r-- .const
  00001818    00001818    00000030   00000030    r-- .cinit
20000000    20000000    00000730   00000000    rw-
  20000000    20000000    00000518   00000000    rw- .bss
  20000518    20000518    00000200   00000000    rw- .stack
  20000718    20000718    00000018   00000000    rw- .data


SECTION ALLOCATION MAP

 output                                  attributes/
section   page    origin      length       input sections
--------  ----  ----------  ----------   ----------------
.intvecs   0    00000000    0000026c     
                  00000000    0000026c     tm4c123gh6pm_startup_ccs.obj (.intvecs)

.text      0    0000026c    000015a2     
                  0000026c    000003b8     user.obj (.text)
                  00000624    0000038c     SSEG.obj (.text)
                  000009b0    0000030c     os.obj (.text)
                  00000cbc    00000244     LCD.obj (.text)
                  00000f00    00000150     Switch.obj (.text)
                  00001050    00000114     Timer2A.obj (.text)
                  00001164    00000112     tm4c123gh6pm_startup_ccs.obj (.text)
                  00001276    00000002     --HOLE-- [fill = 0]
                  00001278    000000c4     Timer0A.obj (.text)
                  0000133c    000000c4     Timer3A.obj (.text)
                  00001400    000000c0     Timer1A.obj (.text)
                  000014c0    000000aa     OSasm.obj (.text)
                  0000156a    0000009c     rtsv7M4_T_le_v4SPD16_eabi.lib : memcpy_t2.asm.obj (.text)
                  00001606    00000002     --HOLE-- [fill = 0]
                  00001608    00000088     PLL.obj (.text)
                  00001690    0000007a     rtsv7M4_T_le_v4SPD16_eabi.lib : memset_t2.asm.obj (.text)
                  0000170a    00000068                                   : copy_decompress_lzss.c.obj (.text:decompress:lzss:__TI_decompress_lzss)
                  00001772    00000002     --HOLE-- [fill = 0]
                  00001774    00000044                                   : autoinit.c.obj (.text:__TI_auto_init_nobinit_nopinit:__TI_auto_init_nobinit_nopinit)
                  000017b8    00000034                                   : boot_cortex_m.c.obj (.text:_c_int00_noargs:_c_int00_noargs)
                  000017ec    0000000e                                   : copy_decompress_none.c.obj (.text:decompress:none:__TI_decompress_none)
                  000017fa    0000000c                                   : copy_zero_init.c.obj (.text:decompress:ZI:__TI_zero_init)
                  00001806    00000004                                   : pre_init.c.obj (.text:_system_pre_init)
                  0000180a    00000004                                   : exit.c.obj (.text:abort:abort)

.const     0    0000180e    0000000a     
                  0000180e    0000000a     SSEG.obj (.const:.string:digitPattern)

.cinit     0    00001818    00000030     
                  00001818    0000000c     (.cinit..data.load) [load image, compression = lzss]
                  00001824    0000000c     (__TI_handler_table)
                  00001830    00000008     (.cinit..bss.load) [load image, compression = zero_init]
                  00001838    00000010     (__TI_cinit_table)

.init_array 
*          0    00000000    00000000     UNINITIALIZED

.bss       0    20000000    00000518     UNINITIALIZED
                  20000000    000004b0     (.common:Stacks)
                  200004b0    0000003c     (.common:tcbs)
                  200004ec    00000004     (.common:CC_Difference)
                  200004f0    00000004     (.common:Count1)
                  200004f4    00000004     (.common:Count2)
                  200004f8    00000004     (.common:Count3)
                  200004fc    00000004     (.common:Current_CC_Count)
                  20000500    00000004     (.common:Global_Thread_Id)
                  20000504    00000004     (.common:Last_CC_Count)
                  20000508    00000004     (.common:RunPt)
                  2000050c    00000004     (.common:Time_Slice_Counter)
                  20000510    00000004     (.common:mutex)
                  20000514    00000001     (.common:Desired_RPM)
                  20000515    00000001     (.common:Mailbox_ActualLCD_Flag)
                  20000516    00000001     (.common:Mailbox_Actual_Flag)
                  20000517    00000001     (.common:Mailbox_Desired_Flag)

.data      0    20000718    00000018     UNINITIALIZED
                  20000718    0000000c     user.obj (.data)
                  20000724    00000004     Timer0A.obj (.data)
                  20000728    00000004     Timer1A.obj (.data)
                  2000072c    00000004     Timer3A.obj (.data)

.stack     0    20000518    00000200     UNINITIALIZED
                  20000518    00000004     rtsv7M4_T_le_v4SPD16_eabi.lib : boot_cortex_m.c.obj (.stack)
                  2000051c    000001fc     --HOLE--

__llvm_prf_cnts 
*          0    20000000    00000000     UNINITIALIZED

MODULE SUMMARY

       Module                         code   ro data   rw data
       ------                         ----   -------   -------
    .\
       os.obj                         780    0         1264   
       user.obj                       952    0         24     
       SSEG.obj                       908    10        0      
       tm4c123gh6pm_startup_ccs.obj   274    620       0      
       LCD.obj                        580    0         0      
       Switch.obj                     336    0         3      
       Timer2A.obj                    276    0         17     
       Timer1A.obj                    192    0         12     
       Timer0A.obj                    196    0         4      
       Timer3A.obj                    196    0         4      
       OSasm.obj                      170    0         0      
       PLL.obj                        136    0         0      
    +--+------------------------------+------+---------+---------+
       Total:                         4996   630       1328   
                                                              
    C:\ti\ccs1260\ccs\tools\compiler\ti-cgt-arm_20.2.7.LTS\lib\rtsv7M4_T_le_v4SPD16_eabi.lib
       memcpy_t2.asm.obj              156    0         0      
       memset_t2.asm.obj              122    0         0      
       copy_decompress_lzss.c.obj     104    0         0      
       autoinit.c.obj                 68     0         0      
       boot_cortex_m.c.obj            52     0         0      
       copy_decompress_none.c.obj     14     0         0      
       copy_zero_init.c.obj           12     0         0      
       exit.c.obj                     4      0         0      
       pre_init.c.obj                 4      0         0      
    +--+------------------------------+------+---------+---------+
       Total:                         536    0         0      
                                                              
       Stack:                         0      0         512    
       Linker Generated:              0      48        0      
    +--+------------------------------+------+---------+---------+
       Grand Total:                   5532   678       1840   


LINKER GENERATED COPY TABLES

__TI_cinit_table @ 00001838 records: 2, size/record: 8, table size: 16
	.data: load addr=00001818, load size=0000000c bytes, run addr=20000718, run size=00000018 bytes, compression=lzss
	.bss: load addr=00001830, load size=00000008 bytes, run addr=20000000, run size=00000518 bytes, compression=zero_init


LINKER GENERATED HANDLER TABLE

__TI_handler_table @ 00001824 records: 3, size/record: 4, table size: 12
	index: 0, handler: __TI_decompress_lzss
	index: 1, handler: __TI_decompress_none
	index: 2, handler: __TI_zero_init


GLOBAL SYMBOLS: SORTED ALPHABETICALLY BY Name 

address   name                          
-------   ----                          
00001195  ADC0Seq0_Handler              
00001197  ADC0Seq1_Handler              
00001199  ADC0Seq2_Handler              
0000119b  ADC0Seq3_Handler              
000011d9  ADC1Seq0_Handler              
000011db  ADC1Seq1_Handler              
000011dd  ADC1Seq2_Handler              
000011df  ADC1Seq3_Handler              
0000180b  C$$EXIT                       
000011c7  CAN0_Handler                  
000011c9  CAN1_Handler                  
000011cb  CAN2_Handler                  
200004ec  CC_Difference                 
000011ab  Comp0_Handler                 
000011ad  Comp1_Handler                 
000011af  Comp2_Handler                 
200004f0  Count1                        
200004f4  Count2                        
200004f8  Count3                        
200004fc  Current_CC_Count              
00001173  DebugMon_Handler              
20000514  Desired_RPM                   
0000125d  DisableInterrupts             
00001261  EnableInterrupts              
0000126d  EndCritical                   
000011cd  Ethernet_Handler              
000011e3  ExtBus_Handler                
0000121d  FPU_Handler                   
0000122d  Fan0_Handler                  
000011b3  FlashCtl_Handler              
00001179  GPIOPortA_Handler             
0000117b  GPIOPortB_Handler             
0000117d  GPIOPortC_Handler             
00000f83  GPIOPortD_Handler             
00001181  GPIOPortE_Handler             
000011b5  GPIOPortF_Handler             
000011b7  GPIOPortG_Handler             
000011b9  GPIOPortH_Handler             
000011e5  GPIOPortJ_Handler             
000011e7  GPIOPortK_Handler             
000011e9  GPIOPortL_Handler             
00001227  GPIOPortM_Handler             
00001229  GPIOPortN_Handler             
00001231  GPIOPortP1_Handler            
00001233  GPIOPortP2_Handler            
00001235  GPIOPortP3_Handler            
00001237  GPIOPortP4_Handler            
00001239  GPIOPortP5_Handler            
0000123b  GPIOPortP6_Handler            
0000123d  GPIOPortP7_Handler            
0000122f  GPIOPortP_Handler             
00001241  GPIOPortQ1_Handler            
00001243  GPIOPortQ2_Handler            
00001245  GPIOPortQ3_Handler            
00001247  GPIOPortQ4_Handler            
00001249  GPIOPortQ5_Handler            
0000124b  GPIOPortQ6_Handler            
0000124d  GPIOPortQ7_Handler            
0000123f  GPIOPortQ_Handler             
0000124f  GPIOPortR_Handler             
00001251  GPIOPortS_Handler             
20000500  Global_Thread_Id              
000011cf  Hibernate_Handler             
00001189  I2C0_Handler                  
000011c3  I2C1_Handler                  
000011f9  I2C2_Handler                  
000011fb  I2C3_Handler                  
00001223  I2C4_Handler                  
00001225  I2C5_Handler                  
000011e1  I2S0_Handler                  
00000d0f  LCD_Clear                     
00000e21  LCD_OutString                 
00000e2b  LCD_OutUDec                   
00000e79  LCD_OutUFix                   
00000e6f  LCD_OutUHex                   
00000da5  LCD_command                   
00000deb  LCD_data                      
00000d19  LCD_init                      
00000cbd  LCD_nibble_write              
00001221  LPC0_Handler                  
20000504  Last_CC_Count                 
20000515  Mailbox_ActualLCD_Flag        
20000516  Mailbox_Actual_Flag           
20000517  Mailbox_Desired_Flag          
00000ae7  OS_AddThreads                 
000014c1  OS_DisableInterrupts          
000014c5  OS_EnableInterrupts           
000009b1  OS_Init                       
00000b77  OS_Launch                     
00000bc1  OS_Signal                     
00000b8f  OS_Wait                       
0000121f  PECI0_Handler                 
00001609  PLL_Init                      
0000118b  PWM0Fault_Handler             
0000118d  PWM0Generator0_Handler        
0000118f  PWM0Generator1_Handler        
00001191  PWM0Generator2_Handler        
000011d3  PWM0Generator3_Handler        
0000125b  PWM1Fault_Handler             
00001253  PWM1Generator0_Handler        
00001255  PWM1Generator1_Handler        
00001257  PWM1Generator2_Handler        
00001259  PWM1Generator3_Handler        
00001175  PendSV_Handler                
00001193  Quadrature0_Handler           
000011c5  Quadrature1_Handler           
0000122b  Quadrature2_Handler           
20000720  RPM                           
00001165  ResetISR                      
20000508  RunPt                         
00000625  SSEG1                         
0000068b  SSEG2                         
00001187  SSI0_Handler                  
000011bd  SSI1_Handler                  
000011eb  SSI2_Handler                  
00000907  SSI2_write                    
000011ed  SSI3_Handler                  
00001171  SVC_Handler                   
000009db  SetInitialStack               
20000000  Stacks                        
00001265  StartCritical                 
00001531  StartOS                       
00000f01  Switch_Init                   
000011b1  SysCtl_Handler                
000014c9  SysTick_Handler               
0000026d  Task1                         
00000301  Task2                         
0000034f  Task3                         
2000050c  Time_Slice_Counter            
0000119f  Timer0A_Handler               
00001279  Timer0A_Init                  
00001289  Timer0A_Wait                  
000012e5  Timer0A_Wait1ms               
000011a1  Timer0B_Handler               
00001473  Timer1A_Handler               
00001401  Timer1A_Init                  
000011a5  Timer1B_Handler               
000010eb  Timer2A_Handler               
00001051  Timer2A_Init                  
000011a9  Timer2B_Handler               
000011bf  Timer3A_Handler               
0000133d  Timer3A_Init                  
0000134d  Timer3A_Wait                  
000013a9  Timer3A_Wait1ms               
000011c1  Timer3B_Handler               
000011fd  Timer4A_Handler               
000011ff  Timer4B_Handler               
00001201  Timer5A_Handler               
00001203  Timer5B_Handler               
00001183  UART0_Handler                 
00001185  UART1_Handler                 
000011bb  UART2_Handler                 
000011ef  UART3_Handler                 
000011f1  UART4_Handler                 
000011f3  UART5_Handler                 
000011f5  UART6_Handler                 
000011f7  UART7_Handler                 
000011d1  USB0_Handler                  
0000119d  WDT_Handler                   
00001273  WaitForInterrupt              
00001205  WideTimer0A_Handler           
00001207  WideTimer0B_Handler           
00001209  WideTimer1A_Handler           
0000120b  WideTimer1B_Handler           
0000120d  WideTimer2A_Handler           
0000120f  WideTimer2B_Handler           
00001211  WideTimer3A_Handler           
00001213  WideTimer3B_Handler           
00001215  WideTimer4A_Handler           
00001217  WideTimer4B_Handler           
00001219  WideTimer5A_Handler           
0000121b  WideTimer5B_Handler           
20000718  __STACK_END                   
00000200  __STACK_SIZE                  
20000718  __STACK_TOP                   
00001838  __TI_CINIT_Base               
00001848  __TI_CINIT_Limit              
00001824  __TI_Handler_Table_Base       
00001830  __TI_Handler_Table_Limit      
00001775  __TI_auto_init_nobinit_nopinit
0000170b  __TI_decompress_lzss          
000017ed  __TI_decompress_none          
ffffffff  __TI_pprof_out_hndl           
ffffffff  __TI_prof_data_size           
ffffffff  __TI_prof_data_start          
00000000  __TI_static_base__            
000017fb  __TI_zero_init                
00001691  __aeabi_memclr                
00001691  __aeabi_memclr4               
00001691  __aeabi_memclr8               
0000156b  __aeabi_memcpy                
0000156b  __aeabi_memcpy4               
0000156b  __aeabi_memcpy8               
00001693  __aeabi_memset                
00001693  __aeabi_memset4               
00001693  __aeabi_memset8               
ffffffff  __binit__                     
ffffffff  __c_args__                    
UNDEFED   __mpu_init                    
20000518  __stack                       
20000000  __start___llvm_prf_cnts       
20000000  __stop___llvm_prf_cnts        
000017b9  _c_int00_noargs               
UNDEFED   _system_post_cinit            
00001807  _system_pre_init              
0000180b  abort                         
ffffffff  binit                         
00000000  g_pfnVectors                  
0000045d  main                          
0000156b  memcpy                        
00001699  memset                        
20000510  mutex                         
2000071c  pw                            
0000086f  sevenseg_init                 
20000718  sig                           
200004b0  tcbs                          
000011d7  uDMA_Error                    
000011d5  uDMA_Handler                  


GLOBAL SYMBOLS: SORTED BY Symbol Address 

address   name                          
-------   ----                          
00000000  __TI_static_base__            
00000000  g_pfnVectors                  
00000200  __STACK_SIZE                  
0000026d  Task1                         
00000301  Task2                         
0000034f  Task3                         
0000045d  main                          
00000625  SSEG1                         
0000068b  SSEG2                         
0000086f  sevenseg_init                 
00000907  SSI2_write                    
000009b1  OS_Init                       
000009db  SetInitialStack               
00000ae7  OS_AddThreads                 
00000b77  OS_Launch                     
00000b8f  OS_Wait                       
00000bc1  OS_Signal                     
00000cbd  LCD_nibble_write              
00000d0f  LCD_Clear                     
00000d19  LCD_init                      
00000da5  LCD_command                   
00000deb  LCD_data                      
00000e21  LCD_OutString                 
00000e2b  LCD_OutUDec                   
00000e6f  LCD_OutUHex                   
00000e79  LCD_OutUFix                   
00000f01  Switch_Init                   
00000f83  GPIOPortD_Handler             
00001051  Timer2A_Init                  
000010eb  Timer2A_Handler               
00001165  ResetISR                      
00001171  SVC_Handler                   
00001173  DebugMon_Handler              
00001175  PendSV_Handler                
00001179  GPIOPortA_Handler             
0000117b  GPIOPortB_Handler             
0000117d  GPIOPortC_Handler             
00001181  GPIOPortE_Handler             
00001183  UART0_Handler                 
00001185  UART1_Handler                 
00001187  SSI0_Handler                  
00001189  I2C0_Handler                  
0000118b  PWM0Fault_Handler             
0000118d  PWM0Generator0_Handler        
0000118f  PWM0Generator1_Handler        
00001191  PWM0Generator2_Handler        
00001193  Quadrature0_Handler           
00001195  ADC0Seq0_Handler              
00001197  ADC0Seq1_Handler              
00001199  ADC0Seq2_Handler              
0000119b  ADC0Seq3_Handler              
0000119d  WDT_Handler                   
0000119f  Timer0A_Handler               
000011a1  Timer0B_Handler               
000011a5  Timer1B_Handler               
000011a9  Timer2B_Handler               
000011ab  Comp0_Handler                 
000011ad  Comp1_Handler                 
000011af  Comp2_Handler                 
000011b1  SysCtl_Handler                
000011b3  FlashCtl_Handler              
000011b5  GPIOPortF_Handler             
000011b7  GPIOPortG_Handler             
000011b9  GPIOPortH_Handler             
000011bb  UART2_Handler                 
000011bd  SSI1_Handler                  
000011bf  Timer3A_Handler               
000011c1  Timer3B_Handler               
000011c3  I2C1_Handler                  
000011c5  Quadrature1_Handler           
000011c7  CAN0_Handler                  
000011c9  CAN1_Handler                  
000011cb  CAN2_Handler                  
000011cd  Ethernet_Handler              
000011cf  Hibernate_Handler             
000011d1  USB0_Handler                  
000011d3  PWM0Generator3_Handler        
000011d5  uDMA_Handler                  
000011d7  uDMA_Error                    
000011d9  ADC1Seq0_Handler              
000011db  ADC1Seq1_Handler              
000011dd  ADC1Seq2_Handler              
000011df  ADC1Seq3_Handler              
000011e1  I2S0_Handler                  
000011e3  ExtBus_Handler                
000011e5  GPIOPortJ_Handler             
000011e7  GPIOPortK_Handler             
000011e9  GPIOPortL_Handler             
000011eb  SSI2_Handler                  
000011ed  SSI3_Handler                  
000011ef  UART3_Handler                 
000011f1  UART4_Handler                 
000011f3  UART5_Handler                 
000011f5  UART6_Handler                 
000011f7  UART7_Handler                 
000011f9  I2C2_Handler                  
000011fb  I2C3_Handler                  
000011fd  Timer4A_Handler               
000011ff  Timer4B_Handler               
00001201  Timer5A_Handler               
00001203  Timer5B_Handler               
00001205  WideTimer0A_Handler           
00001207  WideTimer0B_Handler           
00001209  WideTimer1A_Handler           
0000120b  WideTimer1B_Handler           
0000120d  WideTimer2A_Handler           
0000120f  WideTimer2B_Handler           
00001211  WideTimer3A_Handler           
00001213  WideTimer3B_Handler           
00001215  WideTimer4A_Handler           
00001217  WideTimer4B_Handler           
00001219  WideTimer5A_Handler           
0000121b  WideTimer5B_Handler           
0000121d  FPU_Handler                   
0000121f  PECI0_Handler                 
00001221  LPC0_Handler                  
00001223  I2C4_Handler                  
00001225  I2C5_Handler                  
00001227  GPIOPortM_Handler             
00001229  GPIOPortN_Handler             
0000122b  Quadrature2_Handler           
0000122d  Fan0_Handler                  
0000122f  GPIOPortP_Handler             
00001231  GPIOPortP1_Handler            
00001233  GPIOPortP2_Handler            
00001235  GPIOPortP3_Handler            
00001237  GPIOPortP4_Handler            
00001239  GPIOPortP5_Handler            
0000123b  GPIOPortP6_Handler            
0000123d  GPIOPortP7_Handler            
0000123f  GPIOPortQ_Handler             
00001241  GPIOPortQ1_Handler            
00001243  GPIOPortQ2_Handler            
00001245  GPIOPortQ3_Handler            
00001247  GPIOPortQ4_Handler            
00001249  GPIOPortQ5_Handler            
0000124b  GPIOPortQ6_Handler            
0000124d  GPIOPortQ7_Handler            
0000124f  GPIOPortR_Handler             
00001251  GPIOPortS_Handler             
00001253  PWM1Generator0_Handler        
00001255  PWM1Generator1_Handler        
00001257  PWM1Generator2_Handler        
00001259  PWM1Generator3_Handler        
0000125b  PWM1Fault_Handler             
0000125d  DisableInterrupts             
00001261  EnableInterrupts              
00001265  StartCritical                 
0000126d  EndCritical                   
00001273  WaitForInterrupt              
00001279  Timer0A_Init                  
00001289  Timer0A_Wait                  
000012e5  Timer0A_Wait1ms               
0000133d  Timer3A_Init                  
0000134d  Timer3A_Wait                  
000013a9  Timer3A_Wait1ms               
00001401  Timer1A_Init                  
00001473  Timer1A_Handler               
000014c1  OS_DisableInterrupts          
000014c5  OS_EnableInterrupts           
000014c9  SysTick_Handler               
00001531  StartOS                       
0000156b  __aeabi_memcpy                
0000156b  __aeabi_memcpy4               
0000156b  __aeabi_memcpy8               
0000156b  memcpy                        
00001609  PLL_Init                      
00001691  __aeabi_memclr                
00001691  __aeabi_memclr4               
00001691  __aeabi_memclr8               
00001693  __aeabi_memset                
00001693  __aeabi_memset4               
00001693  __aeabi_memset8               
00001699  memset                        
0000170b  __TI_decompress_lzss          
00001775  __TI_auto_init_nobinit_nopinit
000017b9  _c_int00_noargs               
000017ed  __TI_decompress_none          
000017fb  __TI_zero_init                
00001807  _system_pre_init              
0000180b  C$$EXIT                       
0000180b  abort                         
00001824  __TI_Handler_Table_Base       
00001830  __TI_Handler_Table_Limit      
00001838  __TI_CINIT_Base               
00001848  __TI_CINIT_Limit              
20000000  Stacks                        
20000000  __start___llvm_prf_cnts       
20000000  __stop___llvm_prf_cnts        
200004b0  tcbs                          
200004ec  CC_Difference                 
200004f0  Count1                        
200004f4  Count2                        
200004f8  Count3                        
200004fc  Current_CC_Count              
20000500  Global_Thread_Id              
20000504  Last_CC_Count                 
20000508  RunPt                         
2000050c  Time_Slice_Counter            
20000510  mutex                         
20000514  Desired_RPM                   
20000515  Mailbox_ActualLCD_Flag        
20000516  Mailbox_Actual_Flag           
20000517  Mailbox_Desired_Flag          
20000518  __stack                       
20000718  __STACK_END                   
20000718  __STACK_TOP                   
20000718  sig                           
2000071c  pw                            
20000720  RPM                           
ffffffff  __TI_pprof_out_hndl           
ffffffff  __TI_prof_data_size           
ffffffff  __TI_prof_data_start          
ffffffff  __binit__                     
ffffffff  __c_args__                    
ffffffff  binit                         
UNDEFED   __mpu_init                    
UNDEFED   _system_post_cinit            

[218 symbols]
