<?xml version="1.0" encoding="ISO-8859-1" ?>
<link_info>
   <banner>TI ARM Linker PC v20.2.7.LTS</banner>
   <copyright>Copyright (c) 1996-2018 Texas Instruments Incorporated</copyright>
   <link_time>0x65d7c958</link_time>
   <link_errors>0x0</link_errors>
   <output_file>lab2.out</output_file>
   <entry_point>
      <name>_c_int00_noargs</name>
      <address>0x995</address>
   </entry_point>
   <input_file_list>
      <input_file id="fl-2">
         <path>.\</path>
         <kind>object</kind>
         <file>LCD.obj</file>
         <name>LCD.obj</name>
      </input_file>
      <input_file id="fl-3">
         <path>.\</path>
         <kind>object</kind>
         <file>PLL.obj</file>
         <name>PLL.obj</name>
      </input_file>
      <input_file id="fl-4">
         <path>.\</path>
         <kind>object</kind>
         <file>SSI2.obj</file>
         <name>SSI2.obj</name>
      </input_file>
      <input_file id="fl-5">
         <path>.\</path>
         <kind>object</kind>
         <file>Timer0A.obj</file>
         <name>Timer0A.obj</name>
      </input_file>
      <input_file id="fl-6">
         <path>.\</path>
         <kind>object</kind>
         <file>main.obj</file>
         <name>main.obj</name>
      </input_file>
      <input_file id="fl-7">
         <path>.\</path>
         <kind>object</kind>
         <file>tm4c123gh6pm_startup_ccs.obj</file>
         <name>tm4c123gh6pm_startup_ccs.obj</name>
      </input_file>
      <input_file id="fl-b">
         <kind>object</kind>
         <file>&lt;internal&gt;</file>
         <name>&lt;internal&gt;</name>
      </input_file>
      <input_file id="fl-c1">
         <path>C:\ti\ccs1260\ccs\tools\compiler\ti-cgt-arm_20.2.7.LTS\lib\</path>
         <kind>archive</kind>
         <file>rtsv7M4_T_le_v4SPD16_eabi.lib</file>
         <name>copy_zero_init.c.obj</name>
      </input_file>
      <input_file id="fl-c2">
         <path>C:\ti\ccs1260\ccs\tools\compiler\ti-cgt-arm_20.2.7.LTS\lib\</path>
         <kind>archive</kind>
         <file>rtsv7M4_T_le_v4SPD16_eabi.lib</file>
         <name>copy_decompress_none.c.obj</name>
      </input_file>
      <input_file id="fl-c3">
         <path>C:\ti\ccs1260\ccs\tools\compiler\ti-cgt-arm_20.2.7.LTS\lib\</path>
         <kind>archive</kind>
         <file>rtsv7M4_T_le_v4SPD16_eabi.lib</file>
         <name>copy_decompress_lzss.c.obj</name>
      </input_file>
      <input_file id="fl-c4">
         <path>C:\ti\ccs1260\ccs\tools\compiler\ti-cgt-arm_20.2.7.LTS\lib\</path>
         <kind>archive</kind>
         <file>rtsv7M4_T_le_v4SPD16_eabi.lib</file>
         <name>boot_cortex_m.c.obj</name>
      </input_file>
      <input_file id="fl-c5">
         <path>C:\ti\ccs1260\ccs\tools\compiler\ti-cgt-arm_20.2.7.LTS\lib\</path>
         <kind>archive</kind>
         <file>rtsv7M4_T_le_v4SPD16_eabi.lib</file>
         <name>memcpy_t2.asm.obj</name>
      </input_file>
      <input_file id="fl-c6">
         <path>C:\ti\ccs1260\ccs\tools\compiler\ti-cgt-arm_20.2.7.LTS\lib\</path>
         <kind>archive</kind>
         <file>rtsv7M4_T_le_v4SPD16_eabi.lib</file>
         <name>memset_t2.asm.obj</name>
      </input_file>
      <input_file id="fl-c7">
         <path>C:\ti\ccs1260\ccs\tools\compiler\ti-cgt-arm_20.2.7.LTS\lib\</path>
         <kind>archive</kind>
         <file>rtsv7M4_T_le_v4SPD16_eabi.lib</file>
         <name>autoinit.c.obj</name>
      </input_file>
      <input_file id="fl-c8">
         <path>C:\ti\ccs1260\ccs\tools\compiler\ti-cgt-arm_20.2.7.LTS\lib\</path>
         <kind>archive</kind>
         <file>rtsv7M4_T_le_v4SPD16_eabi.lib</file>
         <name>pre_init.c.obj</name>
      </input_file>
      <input_file id="fl-c9">
         <path>C:\ti\ccs1260\ccs\tools\compiler\ti-cgt-arm_20.2.7.LTS\lib\</path>
         <kind>archive</kind>
         <file>rtsv7M4_T_le_v4SPD16_eabi.lib</file>
         <name>cpy_tbl.c.obj</name>
      </input_file>
      <input_file id="fl-ca">
         <path>C:\ti\ccs1260\ccs\tools\compiler\ti-cgt-arm_20.2.7.LTS\lib\</path>
         <kind>archive</kind>
         <file>rtsv7M4_T_le_v4SPD16_eabi.lib</file>
         <name>exit.c.obj</name>
      </input_file>
      <input_file id="fl-cb">
         <path>C:\ti\ccs1260\ccs\tools\compiler\ti-cgt-arm_20.2.7.LTS\lib\</path>
         <kind>archive</kind>
         <file>rtsv7M4_T_le_v4SPD16_eabi.lib</file>
         <name>_lock.c.obj</name>
      </input_file>
      <input_file id="fl-cc">
         <path>C:\ti\ccs1260\ccs\tools\compiler\ti-cgt-arm_20.2.7.LTS\lib\</path>
         <kind>archive</kind>
         <file>rtsv7M4_T_le_v4SPD16_eabi.lib</file>
         <name>args_main.c.obj</name>
      </input_file>
   </input_file_list>
   <object_component_list>
      <object_component id="oc-12">
         <name>.intvecs</name>
         <load_address>0x0</load_address>
         <run_address>0x0</run_address>
         <size>0x26c</size>
         <input_file_ref idref="fl-7"/>
      </object_component>
      <object_component id="oc-d5">
         <name>.text</name>
         <load_address>0x26c</load_address>
         <run_address>0x26c</run_address>
         <size>0x1dc</size>
         <input_file_ref idref="fl-2"/>
      </object_component>
      <object_component id="oc-27">
         <name>.text</name>
         <load_address>0x448</load_address>
         <run_address>0x448</run_address>
         <size>0x112</size>
         <input_file_ref idref="fl-7"/>
      </object_component>
      <object_component id="oc-cf">
         <name>.text</name>
         <load_address>0x55c</load_address>
         <run_address>0x55c</run_address>
         <size>0xdc</size>
         <input_file_ref idref="fl-4"/>
      </object_component>
      <object_component id="oc-9b">
         <name>.text</name>
         <load_address>0x638</load_address>
         <run_address>0x638</run_address>
         <size>0xc8</size>
         <input_file_ref idref="fl-6"/>
      </object_component>
      <object_component id="oc-c9">
         <name>.text</name>
         <load_address>0x700</load_address>
         <run_address>0x700</run_address>
         <size>0xc4</size>
         <input_file_ref idref="fl-5"/>
      </object_component>
      <object_component id="oc-3b">
         <name>.text</name>
         <load_address>0x7c4</load_address>
         <run_address>0x7c4</run_address>
         <size>0x9c</size>
         <input_file_ref idref="fl-c5"/>
      </object_component>
      <object_component id="oc-c3">
         <name>.text</name>
         <load_address>0x860</load_address>
         <run_address>0x860</run_address>
         <size>0x88</size>
         <input_file_ref idref="fl-3"/>
      </object_component>
      <object_component id="oc-15">
         <name>.text:decompress:lzss:__TI_decompress_lzss</name>
         <load_address>0x8e8</load_address>
         <run_address>0x8e8</run_address>
         <size>0x68</size>
         <input_file_ref idref="fl-c3"/>
      </object_component>
      <object_component id="oc-f2">
         <name>.text:__TI_auto_init_nobinit_nopinit:__TI_auto_init_nobinit_nopinit</name>
         <load_address>0x950</load_address>
         <run_address>0x950</run_address>
         <size>0x44</size>
         <input_file_ref idref="fl-c7"/>
      </object_component>
      <object_component id="oc-59">
         <name>.text:_c_int00_noargs:_c_int00_noargs</name>
         <load_address>0x994</load_address>
         <run_address>0x994</run_address>
         <size>0x34</size>
         <input_file_ref idref="fl-c4"/>
      </object_component>
      <object_component id="oc-1b">
         <name>.text:decompress:none:__TI_decompress_none</name>
         <load_address>0x9c8</load_address>
         <run_address>0x9c8</run_address>
         <size>0xe</size>
         <input_file_ref idref="fl-c2"/>
      </object_component>
      <object_component id="oc-95">
         <name>.text:_system_pre_init</name>
         <load_address>0x9d6</load_address>
         <run_address>0x9d6</run_address>
         <size>0x4</size>
         <input_file_ref idref="fl-c8"/>
      </object_component>
      <object_component id="oc-e6">
         <name>.text:abort:abort</name>
         <load_address>0x9da</load_address>
         <run_address>0x9da</run_address>
         <size>0x4</size>
         <input_file_ref idref="fl-ca"/>
      </object_component>
      <object_component id="oc-e1">
         <name>.const:$P$T2$3</name>
         <load_address>0x9e0</load_address>
         <run_address>0x9e0</run_address>
         <size>0x10</size>
         <input_file_ref idref="fl-6"/>
      </object_component>
      <object_component id="oc-de">
         <name>.const:.string:$P$T1$2</name>
         <load_address>0x9f0</load_address>
         <run_address>0x9f0</run_address>
         <size>0x8</size>
         <input_file_ref idref="fl-6"/>
      </object_component>
      <object_component id="oc-db">
         <name>.const:.string:$P$T0$1</name>
         <load_address>0x9f8</load_address>
         <run_address>0x9f8</run_address>
         <size>0x7</size>
         <input_file_ref idref="fl-6"/>
      </object_component>
      <object_component id="oc-1b2">
         <name>.cinit..data.load</name>
         <load_address>0xa00</load_address>
         <run_address>0xa00</run_address>
         <size>0x8</size>
      </object_component>
      <object_component id="oc-1b0">
         <name>__TI_handler_table</name>
         <load_address>0xa08</load_address>
         <run_address>0xa08</run_address>
         <size>0x8</size>
      </object_component>
      <object_component id="oc-1b1">
         <name>__TI_cinit_table</name>
         <load_address>0xa10</load_address>
         <run_address>0xa10</run_address>
         <size>0x8</size>
      </object_component>
      <object_component id="oc-127">
         <name>.data</name>
         <load_address>0x20000200</load_address>
         <run_address>0x20000200</run_address>
         <size>0x4</size>
         <input_file_ref idref="fl-5"/>
      </object_component>
      <object_component id="oc-24">
         <name>.stack</name>
         <uninitialized>true</uninitialized>
         <run_address>0x20000000</run_address>
         <size>0x4</size>
         <input_file_ref idref="fl-c4"/>
      </object_component>
      <object_component id="oc-1b4">
         <name>.stack</name>
         <uninitialized>true</uninitialized>
         <run_address>0x20000000</run_address>
         <size>0x0</size>
      </object_component>
      <object_component id="oc-b2">
         <name>.debug_info</name>
         <load_address>0x0</load_address>
         <run_address>0x0</run_address>
         <size>0x314</size>
         <input_file_ref idref="fl-2"/>
      </object_component>
      <object_component id="oc-d9">
         <name>.debug_info</name>
         <load_address>0x314</load_address>
         <run_address>0x314</run_address>
         <size>0x750</size>
         <input_file_ref idref="fl-2"/>
      </object_component>
      <object_component id="oc-70">
         <name>.debug_info</name>
         <load_address>0xa64</load_address>
         <run_address>0xa64</run_address>
         <size>0x26b</size>
         <input_file_ref idref="fl-2"/>
      </object_component>
      <object_component id="oc-36">
         <name>.debug_info</name>
         <load_address>0xccf</load_address>
         <run_address>0xccf</run_address>
         <size>0x84</size>
         <input_file_ref idref="fl-2"/>
      </object_component>
      <object_component id="oc-ad">
         <name>.debug_info</name>
         <load_address>0xd53</load_address>
         <run_address>0xd53</run_address>
         <size>0x2a4</size>
         <input_file_ref idref="fl-2"/>
      </object_component>
      <object_component id="oc-75">
         <name>.debug_info</name>
         <load_address>0xff7</load_address>
         <run_address>0xff7</run_address>
         <size>0xbb</size>
         <input_file_ref idref="fl-2"/>
      </object_component>
      <object_component id="oc-c5">
         <name>.debug_info</name>
         <load_address>0x10b2</load_address>
         <run_address>0x10b2</run_address>
         <size>0x125</size>
         <input_file_ref idref="fl-3"/>
      </object_component>
      <object_component id="oc-d1">
         <name>.debug_info</name>
         <load_address>0x11d7</load_address>
         <run_address>0x11d7</run_address>
         <size>0x19c</size>
         <input_file_ref idref="fl-4"/>
      </object_component>
      <object_component id="oc-128">
         <name>.debug_info</name>
         <load_address>0x1373</load_address>
         <run_address>0x1373</run_address>
         <size>0xe2</size>
         <input_file_ref idref="fl-5"/>
      </object_component>
      <object_component id="oc-cb">
         <name>.debug_info</name>
         <load_address>0x1455</load_address>
         <run_address>0x1455</run_address>
         <size>0x25a</size>
         <input_file_ref idref="fl-5"/>
      </object_component>
      <object_component id="oc-e5">
         <name>.debug_info</name>
         <load_address>0x16af</load_address>
         <run_address>0x16af</run_address>
         <size>0x3fe</size>
         <input_file_ref idref="fl-6"/>
      </object_component>
      <object_component id="oc-dc">
         <name>.debug_info</name>
         <load_address>0x1aad</load_address>
         <run_address>0x1aad</run_address>
         <size>0xd8</size>
         <input_file_ref idref="fl-6"/>
      </object_component>
      <object_component id="oc-df">
         <name>.debug_info</name>
         <load_address>0x1b85</load_address>
         <run_address>0x1b85</run_address>
         <size>0xd8</size>
         <input_file_ref idref="fl-6"/>
      </object_component>
      <object_component id="oc-e2">
         <name>.debug_info</name>
         <load_address>0x1c5d</load_address>
         <run_address>0x1c5d</run_address>
         <size>0xd8</size>
         <input_file_ref idref="fl-6"/>
      </object_component>
      <object_component id="oc-9c">
         <name>.debug_info</name>
         <load_address>0x1d35</load_address>
         <run_address>0x1d35</run_address>
         <size>0x205</size>
         <input_file_ref idref="fl-6"/>
      </object_component>
      <object_component id="oc-2f">
         <name>.debug_info</name>
         <load_address>0x1f3a</load_address>
         <run_address>0x1f3a</run_address>
         <size>0x2b8</size>
         <input_file_ref idref="fl-7"/>
      </object_component>
      <object_component id="oc-13">
         <name>.debug_info</name>
         <load_address>0x21f2</load_address>
         <run_address>0x21f2</run_address>
         <size>0xf7</size>
         <input_file_ref idref="fl-7"/>
      </object_component>
      <object_component id="oc-29">
         <name>.debug_info</name>
         <load_address>0x22e9</load_address>
         <run_address>0x22e9</run_address>
         <size>0x39d2</size>
         <input_file_ref idref="fl-7"/>
      </object_component>
      <object_component id="oc-46">
         <name>.debug_info</name>
         <load_address>0x5cbb</load_address>
         <run_address>0x5cbb</run_address>
         <size>0x2a8</size>
         <input_file_ref idref="fl-c2"/>
      </object_component>
      <object_component id="oc-1e">
         <name>.debug_info</name>
         <load_address>0x5f63</load_address>
         <run_address>0x5f63</run_address>
         <size>0x1ea</size>
         <input_file_ref idref="fl-c2"/>
      </object_component>
      <object_component id="oc-41">
         <name>.debug_info</name>
         <load_address>0x614d</load_address>
         <run_address>0x614d</run_address>
         <size>0x46</size>
         <input_file_ref idref="fl-c2"/>
      </object_component>
      <object_component id="oc-81">
         <name>.debug_info</name>
         <load_address>0x6193</load_address>
         <run_address>0x6193</run_address>
         <size>0x2c</size>
         <input_file_ref idref="fl-c2"/>
      </object_component>
      <object_component id="oc-7f">
         <name>.debug_info</name>
         <load_address>0x61bf</load_address>
         <run_address>0x61bf</run_address>
         <size>0x29e</size>
         <input_file_ref idref="fl-c3"/>
      </object_component>
      <object_component id="oc-17">
         <name>.debug_info</name>
         <load_address>0x645d</load_address>
         <run_address>0x645d</run_address>
         <size>0x250</size>
         <input_file_ref idref="fl-c3"/>
      </object_component>
      <object_component id="oc-31">
         <name>.debug_info</name>
         <load_address>0x66ad</load_address>
         <run_address>0x66ad</run_address>
         <size>0x60</size>
         <input_file_ref idref="fl-c3"/>
      </object_component>
      <object_component id="oc-b3">
         <name>.debug_info</name>
         <load_address>0x670d</load_address>
         <run_address>0x670d</run_address>
         <size>0x46</size>
         <input_file_ref idref="fl-c3"/>
      </object_component>
      <object_component id="oc-7a">
         <name>.debug_info</name>
         <load_address>0x6753</load_address>
         <run_address>0x6753</run_address>
         <size>0x39</size>
         <input_file_ref idref="fl-c3"/>
      </object_component>
      <object_component id="oc-25">
         <name>.debug_info</name>
         <load_address>0x678c</load_address>
         <run_address>0x678c</run_address>
         <size>0x10b</size>
         <input_file_ref idref="fl-c4"/>
      </object_component>
      <object_component id="oc-5a">
         <name>.debug_info</name>
         <load_address>0x6897</load_address>
         <run_address>0x6897</run_address>
         <size>0x1a9</size>
         <input_file_ref idref="fl-c4"/>
      </object_component>
      <object_component id="oc-3d">
         <name>.debug_info</name>
         <load_address>0x6a40</load_address>
         <run_address>0x6a40</run_address>
         <size>0x119</size>
         <input_file_ref idref="fl-c5"/>
      </object_component>
      <object_component id="oc-140">
         <name>.debug_info</name>
         <load_address>0x6b59</load_address>
         <run_address>0x6b59</run_address>
         <size>0x4b3</size>
         <input_file_ref idref="fl-c7"/>
      </object_component>
      <object_component id="oc-f4">
         <name>.debug_info</name>
         <load_address>0x700c</load_address>
         <run_address>0x700c</run_address>
         <size>0x1a6</size>
         <input_file_ref idref="fl-c7"/>
      </object_component>
      <object_component id="oc-167">
         <name>.debug_info</name>
         <load_address>0x71b2</load_address>
         <run_address>0x71b2</run_address>
         <size>0x39</size>
         <input_file_ref idref="fl-c7"/>
      </object_component>
      <object_component id="oc-17b">
         <name>.debug_info</name>
         <load_address>0x71eb</load_address>
         <run_address>0x71eb</run_address>
         <size>0x39</size>
         <input_file_ref idref="fl-c7"/>
      </object_component>
      <object_component id="oc-16c">
         <name>.debug_info</name>
         <load_address>0x7224</load_address>
         <run_address>0x7224</run_address>
         <size>0x39</size>
         <input_file_ref idref="fl-c7"/>
      </object_component>
      <object_component id="oc-171">
         <name>.debug_info</name>
         <load_address>0x725d</load_address>
         <run_address>0x725d</run_address>
         <size>0xcd</size>
         <input_file_ref idref="fl-c7"/>
      </object_component>
      <object_component id="oc-97">
         <name>.debug_info</name>
         <load_address>0x732a</load_address>
         <run_address>0x732a</run_address>
         <size>0x153</size>
         <input_file_ref idref="fl-c8"/>
      </object_component>
      <object_component id="oc-e8">
         <name>.debug_info</name>
         <load_address>0x747d</load_address>
         <run_address>0x747d</run_address>
         <size>0x122</size>
         <input_file_ref idref="fl-ca"/>
      </object_component>
      <object_component id="oc-1b5">
         <name>.debug_info</name>
         <load_address>0x759f</load_address>
         <run_address>0x759f</run_address>
         <size>0xaa</size>
      </object_component>
      <object_component id="oc-125">
         <name>.debug_line</name>
         <load_address>0x0</load_address>
         <run_address>0x0</run_address>
         <size>0x49</size>
         <input_file_ref idref="fl-2"/>
      </object_component>
      <object_component id="oc-d7">
         <name>.debug_line</name>
         <load_address>0x49</load_address>
         <run_address>0x49</run_address>
         <size>0x14f</size>
         <input_file_ref idref="fl-2"/>
      </object_component>
      <object_component id="oc-73">
         <name>.debug_line</name>
         <load_address>0x198</load_address>
         <run_address>0x198</run_address>
         <size>0x6f</size>
         <input_file_ref idref="fl-2"/>
      </object_component>
      <object_component id="oc-39">
         <name>.debug_line</name>
         <load_address>0x207</load_address>
         <run_address>0x207</run_address>
         <size>0x20</size>
         <input_file_ref idref="fl-2"/>
      </object_component>
      <object_component id="oc-b0">
         <name>.debug_line</name>
         <load_address>0x227</load_address>
         <run_address>0x227</run_address>
         <size>0x73</size>
         <input_file_ref idref="fl-2"/>
      </object_component>
      <object_component id="oc-78">
         <name>.debug_line</name>
         <load_address>0x29a</load_address>
         <run_address>0x29a</run_address>
         <size>0x70</size>
         <input_file_ref idref="fl-2"/>
      </object_component>
      <object_component id="oc-c7">
         <name>.debug_line</name>
         <load_address>0x30a</load_address>
         <run_address>0x30a</run_address>
         <size>0x52</size>
         <input_file_ref idref="fl-3"/>
      </object_component>
      <object_component id="oc-d4">
         <name>.debug_line</name>
         <load_address>0x35c</load_address>
         <run_address>0x35c</run_address>
         <size>0x70</size>
         <input_file_ref idref="fl-4"/>
      </object_component>
      <object_component id="oc-156">
         <name>.debug_line</name>
         <load_address>0x3cc</load_address>
         <run_address>0x3cc</run_address>
         <size>0x30</size>
         <input_file_ref idref="fl-5"/>
      </object_component>
      <object_component id="oc-cd">
         <name>.debug_line</name>
         <load_address>0x3fc</load_address>
         <run_address>0x3fc</run_address>
         <size>0x9e</size>
         <input_file_ref idref="fl-5"/>
      </object_component>
      <object_component id="oc-134">
         <name>.debug_line</name>
         <load_address>0x49a</load_address>
         <run_address>0x49a</run_address>
         <size>0x55</size>
         <input_file_ref idref="fl-6"/>
      </object_component>
      <object_component id="oc-12e">
         <name>.debug_line</name>
         <load_address>0x4ef</load_address>
         <run_address>0x4ef</run_address>
         <size>0x2d</size>
         <input_file_ref idref="fl-6"/>
      </object_component>
      <object_component id="oc-130">
         <name>.debug_line</name>
         <load_address>0x51c</load_address>
         <run_address>0x51c</run_address>
         <size>0x2d</size>
         <input_file_ref idref="fl-6"/>
      </object_component>
      <object_component id="oc-132">
         <name>.debug_line</name>
         <load_address>0x549</load_address>
         <run_address>0x549</run_address>
         <size>0x2d</size>
         <input_file_ref idref="fl-6"/>
      </object_component>
      <object_component id="oc-9f">
         <name>.debug_line</name>
         <load_address>0x576</load_address>
         <run_address>0x576</run_address>
         <size>0x7a</size>
         <input_file_ref idref="fl-6"/>
      </object_component>
      <object_component id="oc-6f">
         <name>.debug_line</name>
         <load_address>0x5f0</load_address>
         <run_address>0x5f0</run_address>
         <size>0x41</size>
         <input_file_ref idref="fl-7"/>
      </object_component>
      <object_component id="oc-2e">
         <name>.debug_line</name>
         <load_address>0x631</load_address>
         <run_address>0x631</run_address>
         <size>0x41</size>
         <input_file_ref idref="fl-7"/>
      </object_component>
      <object_component id="oc-28">
         <name>.debug_line</name>
         <load_address>0x672</load_address>
         <run_address>0x672</run_address>
         <size>0xc38</size>
         <input_file_ref idref="fl-7"/>
      </object_component>
      <object_component id="oc-87">
         <name>.debug_line</name>
         <load_address>0x12aa</load_address>
         <run_address>0x12aa</run_address>
         <size>0x20</size>
         <input_file_ref idref="fl-c2"/>
      </object_component>
      <object_component id="oc-1c">
         <name>.debug_line</name>
         <load_address>0x12ca</load_address>
         <run_address>0x12ca</run_address>
         <size>0x55</size>
         <input_file_ref idref="fl-c2"/>
      </object_component>
      <object_component id="oc-44">
         <name>.debug_line</name>
         <load_address>0x131f</load_address>
         <run_address>0x131f</run_address>
         <size>0x3a</size>
         <input_file_ref idref="fl-c2"/>
      </object_component>
      <object_component id="oc-84">
         <name>.debug_line</name>
         <load_address>0x1359</load_address>
         <run_address>0x1359</run_address>
         <size>0x92</size>
         <input_file_ref idref="fl-c2"/>
      </object_component>
      <object_component id="oc-b9">
         <name>.debug_line</name>
         <load_address>0x13eb</load_address>
         <run_address>0x13eb</run_address>
         <size>0x20</size>
         <input_file_ref idref="fl-c3"/>
      </object_component>
      <object_component id="oc-1a">
         <name>.debug_line</name>
         <load_address>0x140b</load_address>
         <run_address>0x140b</run_address>
         <size>0xa9</size>
         <input_file_ref idref="fl-c3"/>
      </object_component>
      <object_component id="oc-34">
         <name>.debug_line</name>
         <load_address>0x14b4</load_address>
         <run_address>0x14b4</run_address>
         <size>0x3a</size>
         <input_file_ref idref="fl-c3"/>
      </object_component>
      <object_component id="oc-b6">
         <name>.debug_line</name>
         <load_address>0x14ee</load_address>
         <run_address>0x14ee</run_address>
         <size>0x9a</size>
         <input_file_ref idref="fl-c3"/>
      </object_component>
      <object_component id="oc-7d">
         <name>.debug_line</name>
         <load_address>0x1588</load_address>
         <run_address>0x1588</run_address>
         <size>0x96</size>
         <input_file_ref idref="fl-c3"/>
      </object_component>
      <object_component id="oc-6c">
         <name>.debug_line</name>
         <load_address>0x161e</load_address>
         <run_address>0x161e</run_address>
         <size>0x33</size>
         <input_file_ref idref="fl-c4"/>
      </object_component>
      <object_component id="oc-5d">
         <name>.debug_line</name>
         <load_address>0x1651</load_address>
         <run_address>0x1651</run_address>
         <size>0x45</size>
         <input_file_ref idref="fl-c4"/>
      </object_component>
      <object_component id="oc-3f">
         <name>.debug_line</name>
         <load_address>0x1696</load_address>
         <run_address>0x1696</run_address>
         <size>0x88</size>
         <input_file_ref idref="fl-c5"/>
      </object_component>
      <object_component id="oc-166">
         <name>.debug_line</name>
         <load_address>0x171e</load_address>
         <run_address>0x171e</run_address>
         <size>0xbf</size>
         <input_file_ref idref="fl-c7"/>
      </object_component>
      <object_component id="oc-f3">
         <name>.debug_line</name>
         <load_address>0x17dd</load_address>
         <run_address>0x17dd</run_address>
         <size>0x6f</size>
         <input_file_ref idref="fl-c7"/>
      </object_component>
      <object_component id="oc-16a">
         <name>.debug_line</name>
         <load_address>0x184c</load_address>
         <run_address>0x184c</run_address>
         <size>0x2e</size>
         <input_file_ref idref="fl-c7"/>
      </object_component>
      <object_component id="oc-17e">
         <name>.debug_line</name>
         <load_address>0x187a</load_address>
         <run_address>0x187a</run_address>
         <size>0x9a</size>
         <input_file_ref idref="fl-c7"/>
      </object_component>
      <object_component id="oc-16f">
         <name>.debug_line</name>
         <load_address>0x1914</load_address>
         <run_address>0x1914</run_address>
         <size>0x97</size>
         <input_file_ref idref="fl-c7"/>
      </object_component>
      <object_component id="oc-174">
         <name>.debug_line</name>
         <load_address>0x19ab</load_address>
         <run_address>0x19ab</run_address>
         <size>0x93</size>
         <input_file_ref idref="fl-c7"/>
      </object_component>
      <object_component id="oc-9a">
         <name>.debug_line</name>
         <load_address>0x1a3e</load_address>
         <run_address>0x1a3e</run_address>
         <size>0x40</size>
         <input_file_ref idref="fl-c8"/>
      </object_component>
      <object_component id="oc-ea">
         <name>.debug_line</name>
         <load_address>0x1a7e</load_address>
         <run_address>0x1a7e</run_address>
         <size>0x3c</size>
         <input_file_ref idref="fl-ca"/>
      </object_component>
      <object_component id="oc-d6">
         <name>.debug_frame</name>
         <load_address>0x0</load_address>
         <run_address>0x0</run_address>
         <size>0x128</size>
         <input_file_ref idref="fl-2"/>
      </object_component>
      <object_component id="oc-c8">
         <name>.debug_frame</name>
         <load_address>0x128</load_address>
         <run_address>0x128</run_address>
         <size>0x58</size>
         <input_file_ref idref="fl-3"/>
      </object_component>
      <object_component id="oc-d3">
         <name>.debug_frame</name>
         <load_address>0x180</load_address>
         <run_address>0x180</run_address>
         <size>0x6c</size>
         <input_file_ref idref="fl-4"/>
      </object_component>
      <object_component id="oc-ce">
         <name>.debug_frame</name>
         <load_address>0x1ec</load_address>
         <run_address>0x1ec</run_address>
         <size>0x8c</size>
         <input_file_ref idref="fl-5"/>
      </object_component>
      <object_component id="oc-a0">
         <name>.debug_frame</name>
         <load_address>0x278</load_address>
         <run_address>0x278</run_address>
         <size>0x5c</size>
         <input_file_ref idref="fl-6"/>
      </object_component>
      <object_component id="oc-2c">
         <name>.debug_frame</name>
         <load_address>0x2d4</load_address>
         <run_address>0x2d4</run_address>
         <size>0xa2c</size>
         <input_file_ref idref="fl-7"/>
      </object_component>
      <object_component id="oc-1d">
         <name>.debug_frame</name>
         <load_address>0xd00</load_address>
         <run_address>0xd00</run_address>
         <size>0x54</size>
         <input_file_ref idref="fl-c2"/>
      </object_component>
      <object_component id="oc-16">
         <name>.debug_frame</name>
         <load_address>0xd54</load_address>
         <run_address>0xd54</run_address>
         <size>0x60</size>
         <input_file_ref idref="fl-c3"/>
      </object_component>
      <object_component id="oc-5e">
         <name>.debug_frame</name>
         <load_address>0xdb4</load_address>
         <run_address>0xdb4</run_address>
         <size>0x50</size>
         <input_file_ref idref="fl-c4"/>
      </object_component>
      <object_component id="oc-f7">
         <name>.debug_frame</name>
         <load_address>0xe04</load_address>
         <run_address>0xe04</run_address>
         <size>0x5c</size>
         <input_file_ref idref="fl-c7"/>
      </object_component>
      <object_component id="oc-96">
         <name>.debug_frame</name>
         <load_address>0xe60</load_address>
         <run_address>0xe60</run_address>
         <size>0x54</size>
         <input_file_ref idref="fl-c8"/>
      </object_component>
      <object_component id="oc-eb">
         <name>.debug_frame</name>
         <load_address>0xeb4</load_address>
         <run_address>0xeb4</run_address>
         <size>0x54</size>
         <input_file_ref idref="fl-ca"/>
      </object_component>
      <object_component id="oc-124">
         <name>.debug_abbrev</name>
         <load_address>0x0</load_address>
         <run_address>0x0</run_address>
         <size>0x5a</size>
         <input_file_ref idref="fl-2"/>
      </object_component>
      <object_component id="oc-12c">
         <name>.debug_abbrev</name>
         <load_address>0x5a</load_address>
         <run_address>0x5a</run_address>
         <size>0x85</size>
         <input_file_ref idref="fl-2"/>
      </object_component>
      <object_component id="oc-72">
         <name>.debug_abbrev</name>
         <load_address>0xdf</load_address>
         <run_address>0xdf</run_address>
         <size>0x69</size>
         <input_file_ref idref="fl-2"/>
      </object_component>
      <object_component id="oc-38">
         <name>.debug_abbrev</name>
         <load_address>0x148</load_address>
         <run_address>0x148</run_address>
         <size>0x1f</size>
         <input_file_ref idref="fl-2"/>
      </object_component>
      <object_component id="oc-af">
         <name>.debug_abbrev</name>
         <load_address>0x167</load_address>
         <run_address>0x167</run_address>
         <size>0x5c</size>
         <input_file_ref idref="fl-2"/>
      </object_component>
      <object_component id="oc-77">
         <name>.debug_abbrev</name>
         <load_address>0x1c3</load_address>
         <run_address>0x1c3</run_address>
         <size>0x24</size>
         <input_file_ref idref="fl-2"/>
      </object_component>
      <object_component id="oc-126">
         <name>.debug_abbrev</name>
         <load_address>0x1e7</load_address>
         <run_address>0x1e7</run_address>
         <size>0x6c</size>
         <input_file_ref idref="fl-3"/>
      </object_component>
      <object_component id="oc-12b">
         <name>.debug_abbrev</name>
         <load_address>0x253</load_address>
         <run_address>0x253</run_address>
         <size>0x6c</size>
         <input_file_ref idref="fl-4"/>
      </object_component>
      <object_component id="oc-155">
         <name>.debug_abbrev</name>
         <load_address>0x2bf</load_address>
         <run_address>0x2bf</run_address>
         <size>0x29</size>
         <input_file_ref idref="fl-5"/>
      </object_component>
      <object_component id="oc-12a">
         <name>.debug_abbrev</name>
         <load_address>0x2e8</load_address>
         <run_address>0x2e8</run_address>
         <size>0x7a</size>
         <input_file_ref idref="fl-5"/>
      </object_component>
      <object_component id="oc-133">
         <name>.debug_abbrev</name>
         <load_address>0x362</load_address>
         <run_address>0x362</run_address>
         <size>0x80</size>
         <input_file_ref idref="fl-6"/>
      </object_component>
      <object_component id="oc-12d">
         <name>.debug_abbrev</name>
         <load_address>0x3e2</load_address>
         <run_address>0x3e2</run_address>
         <size>0x27</size>
         <input_file_ref idref="fl-6"/>
      </object_component>
      <object_component id="oc-12f">
         <name>.debug_abbrev</name>
         <load_address>0x409</load_address>
         <run_address>0x409</run_address>
         <size>0x27</size>
         <input_file_ref idref="fl-6"/>
      </object_component>
      <object_component id="oc-131">
         <name>.debug_abbrev</name>
         <load_address>0x430</load_address>
         <run_address>0x430</run_address>
         <size>0x27</size>
         <input_file_ref idref="fl-6"/>
      </object_component>
      <object_component id="oc-e4">
         <name>.debug_abbrev</name>
         <load_address>0x457</load_address>
         <run_address>0x457</run_address>
         <size>0x60</size>
         <input_file_ref idref="fl-6"/>
      </object_component>
      <object_component id="oc-6e">
         <name>.debug_abbrev</name>
         <load_address>0x4b7</load_address>
         <run_address>0x4b7</run_address>
         <size>0x68</size>
         <input_file_ref idref="fl-7"/>
      </object_component>
      <object_component id="oc-2d">
         <name>.debug_abbrev</name>
         <load_address>0x51f</load_address>
         <run_address>0x51f</run_address>
         <size>0x29</size>
         <input_file_ref idref="fl-7"/>
      </object_component>
      <object_component id="oc-6d">
         <name>.debug_abbrev</name>
         <load_address>0x548</load_address>
         <run_address>0x548</run_address>
         <size>0xa4</size>
         <input_file_ref idref="fl-7"/>
      </object_component>
      <object_component id="oc-86">
         <name>.debug_abbrev</name>
         <load_address>0x5ec</load_address>
         <run_address>0x5ec</run_address>
         <size>0x37</size>
         <input_file_ref idref="fl-c2"/>
      </object_component>
      <object_component id="oc-40">
         <name>.debug_abbrev</name>
         <load_address>0x623</load_address>
         <run_address>0x623</run_address>
         <size>0x74</size>
         <input_file_ref idref="fl-c2"/>
      </object_component>
      <object_component id="oc-43">
         <name>.debug_abbrev</name>
         <load_address>0x697</load_address>
         <run_address>0x697</run_address>
         <size>0x24</size>
         <input_file_ref idref="fl-c2"/>
      </object_component>
      <object_component id="oc-83">
         <name>.debug_abbrev</name>
         <load_address>0x6bb</load_address>
         <run_address>0x6bb</run_address>
         <size>0x24</size>
         <input_file_ref idref="fl-c2"/>
      </object_component>
      <object_component id="oc-b8">
         <name>.debug_abbrev</name>
         <load_address>0x6df</load_address>
         <run_address>0x6df</run_address>
         <size>0x37</size>
         <input_file_ref idref="fl-c3"/>
      </object_component>
      <object_component id="oc-30">
         <name>.debug_abbrev</name>
         <load_address>0x716</load_address>
         <run_address>0x716</run_address>
         <size>0x6f</size>
         <input_file_ref idref="fl-c3"/>
      </object_component>
      <object_component id="oc-33">
         <name>.debug_abbrev</name>
         <load_address>0x785</load_address>
         <run_address>0x785</run_address>
         <size>0x24</size>
         <input_file_ref idref="fl-c3"/>
      </object_component>
      <object_component id="oc-b5">
         <name>.debug_abbrev</name>
         <load_address>0x7a9</load_address>
         <run_address>0x7a9</run_address>
         <size>0x35</size>
         <input_file_ref idref="fl-c3"/>
      </object_component>
      <object_component id="oc-7c">
         <name>.debug_abbrev</name>
         <load_address>0x7de</load_address>
         <run_address>0x7de</run_address>
         <size>0x24</size>
         <input_file_ref idref="fl-c3"/>
      </object_component>
      <object_component id="oc-6b">
         <name>.debug_abbrev</name>
         <load_address>0x802</load_address>
         <run_address>0x802</run_address>
         <size>0x29</size>
         <input_file_ref idref="fl-c4"/>
      </object_component>
      <object_component id="oc-a4">
         <name>.debug_abbrev</name>
         <load_address>0x82b</load_address>
         <run_address>0x82b</run_address>
         <size>0x55</size>
         <input_file_ref idref="fl-c4"/>
      </object_component>
      <object_component id="oc-80">
         <name>.debug_abbrev</name>
         <load_address>0x880</load_address>
         <run_address>0x880</run_address>
         <size>0x3e</size>
         <input_file_ref idref="fl-c5"/>
      </object_component>
      <object_component id="oc-165">
         <name>.debug_abbrev</name>
         <load_address>0x8be</load_address>
         <run_address>0x8be</run_address>
         <size>0xc0</size>
         <input_file_ref idref="fl-c7"/>
      </object_component>
      <object_component id="oc-13f">
         <name>.debug_abbrev</name>
         <load_address>0x97e</load_address>
         <run_address>0x97e</run_address>
         <size>0x7e</size>
         <input_file_ref idref="fl-c7"/>
      </object_component>
      <object_component id="oc-169">
         <name>.debug_abbrev</name>
         <load_address>0x9fc</load_address>
         <run_address>0x9fc</run_address>
         <size>0x24</size>
         <input_file_ref idref="fl-c7"/>
      </object_component>
      <object_component id="oc-17d">
         <name>.debug_abbrev</name>
         <load_address>0xa20</load_address>
         <run_address>0xa20</run_address>
         <size>0x24</size>
         <input_file_ref idref="fl-c7"/>
      </object_component>
      <object_component id="oc-16e">
         <name>.debug_abbrev</name>
         <load_address>0xa44</load_address>
         <run_address>0xa44</run_address>
         <size>0x24</size>
         <input_file_ref idref="fl-c7"/>
      </object_component>
      <object_component id="oc-173">
         <name>.debug_abbrev</name>
         <load_address>0xa68</load_address>
         <run_address>0xa68</run_address>
         <size>0x4b</size>
         <input_file_ref idref="fl-c7"/>
      </object_component>
      <object_component id="oc-c2">
         <name>.debug_abbrev</name>
         <load_address>0xab3</load_address>
         <run_address>0xab3</run_address>
         <size>0x55</size>
         <input_file_ref idref="fl-c8"/>
      </object_component>
      <object_component id="oc-135">
         <name>.debug_abbrev</name>
         <load_address>0xb08</load_address>
         <run_address>0xb08</run_address>
         <size>0x45</size>
         <input_file_ref idref="fl-ca"/>
      </object_component>
      <object_component id="oc-1b6">
         <name>.debug_abbrev</name>
         <load_address>0xb4d</load_address>
         <run_address>0xb4d</run_address>
         <size>0xf</size>
      </object_component>
      <object_component id="oc-74">
         <name>.debug_str</name>
         <load_address>0x0</load_address>
         <run_address>0x0</run_address>
         <size>0x2bb</size>
         <input_file_ref idref="fl-2"/>
      </object_component>
      <object_component id="oc-3a">
         <name>.debug_str</name>
         <load_address>0x2bb</load_address>
         <run_address>0x2bb</run_address>
         <size>0xfd</size>
         <input_file_ref idref="fl-2"/>
      </object_component>
      <object_component id="oc-b1">
         <name>.debug_str</name>
         <load_address>0x3b8</load_address>
         <run_address>0x3b8</run_address>
         <size>0x351</size>
         <input_file_ref idref="fl-2"/>
      </object_component>
      <object_component id="oc-79">
         <name>.debug_str</name>
         <load_address>0x709</load_address>
         <run_address>0x709</run_address>
         <size>0x153</size>
         <input_file_ref idref="fl-2"/>
      </object_component>
      <object_component id="oc-45">
         <name>.debug_str</name>
         <load_address>0x85c</load_address>
         <run_address>0x85c</run_address>
         <size>0x10b</size>
         <input_file_ref idref="fl-c2"/>
      </object_component>
      <object_component id="oc-85">
         <name>.debug_str</name>
         <load_address>0x967</load_address>
         <run_address>0x967</run_address>
         <size>0x140</size>
         <input_file_ref idref="fl-c2"/>
      </object_component>
      <object_component id="oc-35">
         <name>.debug_str</name>
         <load_address>0xaa7</load_address>
         <run_address>0xaa7</run_address>
         <size>0x118</size>
         <input_file_ref idref="fl-c3"/>
      </object_component>
      <object_component id="oc-b7">
         <name>.debug_str</name>
         <load_address>0xbbf</load_address>
         <run_address>0xbbf</run_address>
         <size>0x16b</size>
         <input_file_ref idref="fl-c3"/>
      </object_component>
      <object_component id="oc-7e">
         <name>.debug_str</name>
         <load_address>0xd2a</load_address>
         <run_address>0xd2a</run_address>
         <size>0x158</size>
         <input_file_ref idref="fl-c3"/>
      </object_component>
      <object_component id="oc-16b">
         <name>.debug_str</name>
         <load_address>0xe82</load_address>
         <run_address>0xe82</run_address>
         <size>0xed</size>
         <input_file_ref idref="fl-c7"/>
      </object_component>
      <object_component id="oc-17f">
         <name>.debug_str</name>
         <load_address>0xf6f</load_address>
         <run_address>0xf6f</run_address>
         <size>0x157</size>
         <input_file_ref idref="fl-c7"/>
      </object_component>
      <object_component id="oc-170">
         <name>.debug_str</name>
         <load_address>0x10c6</load_address>
         <run_address>0x10c6</run_address>
         <size>0x150</size>
         <input_file_ref idref="fl-c7"/>
      </object_component>
      <object_component id="oc-175">
         <name>.debug_str</name>
         <load_address>0x1216</load_address>
         <run_address>0x1216</run_address>
         <size>0x197</size>
         <input_file_ref idref="fl-c7"/>
      </object_component>
      <object_component id="oc-d8">
         <name>.debug_aranges</name>
         <load_address>0x0</load_address>
         <run_address>0x0</run_address>
         <size>0x60</size>
         <input_file_ref idref="fl-2"/>
      </object_component>
      <object_component id="oc-c4">
         <name>.debug_aranges</name>
         <load_address>0x60</load_address>
         <run_address>0x60</run_address>
         <size>0x20</size>
         <input_file_ref idref="fl-3"/>
      </object_component>
      <object_component id="oc-d0">
         <name>.debug_aranges</name>
         <load_address>0x80</load_address>
         <run_address>0x80</run_address>
         <size>0x28</size>
         <input_file_ref idref="fl-4"/>
      </object_component>
      <object_component id="oc-ca">
         <name>.debug_aranges</name>
         <load_address>0xa8</load_address>
         <run_address>0xa8</run_address>
         <size>0x30</size>
         <input_file_ref idref="fl-5"/>
      </object_component>
      <object_component id="oc-9d">
         <name>.debug_aranges</name>
         <load_address>0xd8</load_address>
         <run_address>0xd8</run_address>
         <size>0x20</size>
         <input_file_ref idref="fl-6"/>
      </object_component>
      <object_component id="oc-2a">
         <name>.debug_aranges</name>
         <load_address>0xf8</load_address>
         <run_address>0xf8</run_address>
         <size>0x410</size>
         <input_file_ref idref="fl-7"/>
      </object_component>
      <object_component id="oc-20">
         <name>.debug_aranges</name>
         <load_address>0x508</load_address>
         <run_address>0x508</run_address>
         <size>0x20</size>
         <input_file_ref idref="fl-c2"/>
      </object_component>
      <object_component id="oc-18">
         <name>.debug_aranges</name>
         <load_address>0x528</load_address>
         <run_address>0x528</run_address>
         <size>0x20</size>
         <input_file_ref idref="fl-c3"/>
      </object_component>
      <object_component id="oc-5c">
         <name>.debug_aranges</name>
         <load_address>0x548</load_address>
         <run_address>0x548</run_address>
         <size>0x20</size>
         <input_file_ref idref="fl-c4"/>
      </object_component>
      <object_component id="oc-3c">
         <name>.debug_aranges</name>
         <load_address>0x568</load_address>
         <run_address>0x568</run_address>
         <size>0x20</size>
         <input_file_ref idref="fl-c5"/>
      </object_component>
      <object_component id="oc-f6">
         <name>.debug_aranges</name>
         <load_address>0x588</load_address>
         <run_address>0x588</run_address>
         <size>0x20</size>
         <input_file_ref idref="fl-c7"/>
      </object_component>
      <object_component id="oc-99">
         <name>.debug_aranges</name>
         <load_address>0x5a8</load_address>
         <run_address>0x5a8</run_address>
         <size>0x20</size>
         <input_file_ref idref="fl-c8"/>
      </object_component>
      <object_component id="oc-e7">
         <name>.debug_aranges</name>
         <load_address>0x5c8</load_address>
         <run_address>0x5c8</run_address>
         <size>0x20</size>
         <input_file_ref idref="fl-ca"/>
      </object_component>
      <object_component id="oc-da">
         <name>.debug_pubnames</name>
         <load_address>0x0</load_address>
         <run_address>0x0</run_address>
         <size>0xa1</size>
         <input_file_ref idref="fl-2"/>
      </object_component>
      <object_component id="oc-c6">
         <name>.debug_pubnames</name>
         <load_address>0xa1</load_address>
         <run_address>0xa1</run_address>
         <size>0x1f</size>
         <input_file_ref idref="fl-3"/>
      </object_component>
      <object_component id="oc-d2">
         <name>.debug_pubnames</name>
         <load_address>0xc0</load_address>
         <run_address>0xc0</run_address>
         <size>0x2f</size>
         <input_file_ref idref="fl-4"/>
      </object_component>
      <object_component id="oc-129">
         <name>.debug_pubnames</name>
         <load_address>0xef</load_address>
         <run_address>0xef</run_address>
         <size>0x21</size>
         <input_file_ref idref="fl-5"/>
      </object_component>
      <object_component id="oc-cc">
         <name>.debug_pubnames</name>
         <load_address>0x110</load_address>
         <run_address>0x110</run_address>
         <size>0x48</size>
         <input_file_ref idref="fl-5"/>
      </object_component>
      <object_component id="oc-dd">
         <name>.debug_pubnames</name>
         <load_address>0x158</load_address>
         <run_address>0x158</run_address>
         <size>0x1e</size>
         <input_file_ref idref="fl-6"/>
      </object_component>
      <object_component id="oc-e0">
         <name>.debug_pubnames</name>
         <load_address>0x176</load_address>
         <run_address>0x176</run_address>
         <size>0x1e</size>
         <input_file_ref idref="fl-6"/>
      </object_component>
      <object_component id="oc-e3">
         <name>.debug_pubnames</name>
         <load_address>0x194</load_address>
         <run_address>0x194</run_address>
         <size>0x1e</size>
         <input_file_ref idref="fl-6"/>
      </object_component>
      <object_component id="oc-9e">
         <name>.debug_pubnames</name>
         <load_address>0x1b2</load_address>
         <run_address>0x1b2</run_address>
         <size>0x1b</size>
         <input_file_ref idref="fl-6"/>
      </object_component>
      <object_component id="oc-14">
         <name>.debug_pubnames</name>
         <load_address>0x1cd</load_address>
         <run_address>0x1cd</run_address>
         <size>0x23</size>
         <input_file_ref idref="fl-7"/>
      </object_component>
      <object_component id="oc-2b">
         <name>.debug_pubnames</name>
         <load_address>0x1f0</load_address>
         <run_address>0x1f0</run_address>
         <size>0xa55</size>
         <input_file_ref idref="fl-7"/>
      </object_component>
      <object_component id="oc-1f">
         <name>.debug_pubnames</name>
         <load_address>0xc45</load_address>
         <run_address>0xc45</run_address>
         <size>0x2b</size>
         <input_file_ref idref="fl-c2"/>
      </object_component>
      <object_component id="oc-19">
         <name>.debug_pubnames</name>
         <load_address>0xc70</load_address>
         <run_address>0xc70</run_address>
         <size>0x2b</size>
         <input_file_ref idref="fl-c3"/>
      </object_component>
      <object_component id="oc-26">
         <name>.debug_pubnames</name>
         <load_address>0xc9b</load_address>
         <run_address>0xc9b</run_address>
         <size>0x1e</size>
         <input_file_ref idref="fl-c4"/>
      </object_component>
      <object_component id="oc-5b">
         <name>.debug_pubnames</name>
         <load_address>0xcb9</load_address>
         <run_address>0xcb9</run_address>
         <size>0x26</size>
         <input_file_ref idref="fl-c4"/>
      </object_component>
      <object_component id="oc-3e">
         <name>.debug_pubnames</name>
         <load_address>0xcdf</load_address>
         <run_address>0xcdf</run_address>
         <size>0x1d</size>
         <input_file_ref idref="fl-c5"/>
      </object_component>
      <object_component id="oc-f5">
         <name>.debug_pubnames</name>
         <load_address>0xcfc</load_address>
         <run_address>0xcfc</run_address>
         <size>0x35</size>
         <input_file_ref idref="fl-c7"/>
      </object_component>
      <object_component id="oc-98">
         <name>.debug_pubnames</name>
         <load_address>0xd31</load_address>
         <run_address>0xd31</run_address>
         <size>0x27</size>
         <input_file_ref idref="fl-c8"/>
      </object_component>
      <object_component id="oc-e9">
         <name>.debug_pubnames</name>
         <load_address>0xd58</load_address>
         <run_address>0xd58</run_address>
         <size>0x1c</size>
         <input_file_ref idref="fl-ca"/>
      </object_component>
      <object_component id="oc-71">
         <name>.debug_pubtypes</name>
         <load_address>0x0</load_address>
         <run_address>0x0</run_address>
         <size>0x25c</size>
         <input_file_ref idref="fl-2"/>
      </object_component>
      <object_component id="oc-37">
         <name>.debug_pubtypes</name>
         <load_address>0x25c</load_address>
         <run_address>0x25c</run_address>
         <size>0xed</size>
         <input_file_ref idref="fl-2"/>
      </object_component>
      <object_component id="oc-ae">
         <name>.debug_pubtypes</name>
         <load_address>0x349</load_address>
         <run_address>0x349</run_address>
         <size>0x330</size>
         <input_file_ref idref="fl-2"/>
      </object_component>
      <object_component id="oc-76">
         <name>.debug_pubtypes</name>
         <load_address>0x679</load_address>
         <run_address>0x679</run_address>
         <size>0xaa</size>
         <input_file_ref idref="fl-2"/>
      </object_component>
      <object_component id="oc-42">
         <name>.debug_pubtypes</name>
         <load_address>0x723</load_address>
         <run_address>0x723</run_address>
         <size>0x48</size>
         <input_file_ref idref="fl-c2"/>
      </object_component>
      <object_component id="oc-82">
         <name>.debug_pubtypes</name>
         <load_address>0x76b</load_address>
         <run_address>0x76b</run_address>
         <size>0x1d</size>
         <input_file_ref idref="fl-c2"/>
      </object_component>
      <object_component id="oc-32">
         <name>.debug_pubtypes</name>
         <load_address>0x788</load_address>
         <run_address>0x788</run_address>
         <size>0x5d</size>
         <input_file_ref idref="fl-c3"/>
      </object_component>
      <object_component id="oc-b4">
         <name>.debug_pubtypes</name>
         <load_address>0x7e5</load_address>
         <run_address>0x7e5</run_address>
         <size>0x48</size>
         <input_file_ref idref="fl-c3"/>
      </object_component>
      <object_component id="oc-7b">
         <name>.debug_pubtypes</name>
         <load_address>0x82d</load_address>
         <run_address>0x82d</run_address>
         <size>0x35</size>
         <input_file_ref idref="fl-c3"/>
      </object_component>
      <object_component id="oc-168">
         <name>.debug_pubtypes</name>
         <load_address>0x862</load_address>
         <run_address>0x862</run_address>
         <size>0x32</size>
         <input_file_ref idref="fl-c7"/>
      </object_component>
      <object_component id="oc-17c">
         <name>.debug_pubtypes</name>
         <load_address>0x894</load_address>
         <run_address>0x894</run_address>
         <size>0x30</size>
         <input_file_ref idref="fl-c7"/>
      </object_component>
      <object_component id="oc-16d">
         <name>.debug_pubtypes</name>
         <load_address>0x8c4</load_address>
         <run_address>0x8c4</run_address>
         <size>0x2c</size>
         <input_file_ref idref="fl-c7"/>
      </object_component>
      <object_component id="oc-172">
         <name>.debug_pubtypes</name>
         <load_address>0x8f0</load_address>
         <run_address>0x8f0</run_address>
         <size>0x50</size>
         <input_file_ref idref="fl-c7"/>
      </object_component>
   </object_component_list>
   <logical_group_list>
      <logical_group id="lg-3" display="no" color="cyan">
         <name>.intvecs</name>
         <load_address>0x0</load_address>
         <run_address>0x0</run_address>
         <size>0x26c</size>
         <contents>
            <object_component_ref idref="oc-12"/>
         </contents>
      </logical_group>
      <logical_group id="lg-4" display="no" color="cyan">
         <name>.text</name>
         <load_address>0x26c</load_address>
         <run_address>0x26c</run_address>
         <size>0x772</size>
         <contents>
            <object_component_ref idref="oc-d5"/>
            <object_component_ref idref="oc-27"/>
            <object_component_ref idref="oc-cf"/>
            <object_component_ref idref="oc-9b"/>
            <object_component_ref idref="oc-c9"/>
            <object_component_ref idref="oc-3b"/>
            <object_component_ref idref="oc-c3"/>
            <object_component_ref idref="oc-15"/>
            <object_component_ref idref="oc-f2"/>
            <object_component_ref idref="oc-59"/>
            <object_component_ref idref="oc-1b"/>
            <object_component_ref idref="oc-95"/>
            <object_component_ref idref="oc-e6"/>
         </contents>
      </logical_group>
      <logical_group id="lg-5" display="no" color="cyan">
         <name>.const</name>
         <load_address>0x9e0</load_address>
         <run_address>0x9e0</run_address>
         <size>0x1f</size>
         <contents>
            <object_component_ref idref="oc-e1"/>
            <object_component_ref idref="oc-de"/>
            <object_component_ref idref="oc-db"/>
         </contents>
      </logical_group>
      <logical_group id="lg-6" display="no" color="cyan">
         <name>.cinit</name>
         <load_address>0xa00</load_address>
         <run_address>0xa00</run_address>
         <size>0x18</size>
         <contents>
            <object_component_ref idref="oc-1b2"/>
            <object_component_ref idref="oc-1b0"/>
            <object_component_ref idref="oc-1b1"/>
         </contents>
      </logical_group>
      <logical_group id="lg-7" display="no" color="cyan">
         <name>.pinit</name>
         <run_address>0x0</run_address>
         <size>0x0</size>
         <contents>
         </contents>
      </logical_group>
      <logical_group id="lg-8" display="no" color="cyan">
         <name>.init_array</name>
         <run_address>0x0</run_address>
         <size>0x0</size>
         <contents>
         </contents>
      </logical_group>
      <logical_group id="lg-9" display="no" color="cyan">
         <name>.vtable</name>
         <run_address>0x0</run_address>
         <size>0x0</size>
         <contents>
         </contents>
      </logical_group>
      <logical_group id="lg-a" display="no" color="cyan">
         <name>.data</name>
         <run_address>0x20000200</run_address>
         <size>0x4</size>
         <contents>
            <object_component_ref idref="oc-127"/>
         </contents>
      </logical_group>
      <logical_group id="lg-b" display="no" color="cyan">
         <name>.bss</name>
         <run_address>0x0</run_address>
         <size>0x0</size>
         <contents>
         </contents>
      </logical_group>
      <logical_group id="lg-c" display="no" color="cyan">
         <name>.sysmem</name>
         <run_address>0x0</run_address>
         <size>0x0</size>
         <contents>
         </contents>
      </logical_group>
      <logical_group id="lg-d" display="no" color="cyan">
         <name>.stack</name>
         <run_address>0x20000000</run_address>
         <size>0x200</size>
         <contents>
            <object_component_ref idref="oc-24"/>
            <object_component_ref idref="oc-1b4"/>
         </contents>
      </logical_group>
      <logical_group id="lg-187" display="no" color="cyan">
         <name>.TI.noinit</name>
         <run_address>0x0</run_address>
         <size>0x0</size>
         <contents>
         </contents>
      </logical_group>
      <logical_group id="lg-188" display="no" color="cyan">
         <name>.TI.persistent</name>
         <run_address>0x0</run_address>
         <size>0x0</size>
         <contents>
         </contents>
      </logical_group>
      <logical_group id="lg-189" display="no" color="cyan">
         <name>__llvm_prf_cnts</name>
         <run_address>0x20000000</run_address>
         <size>0x0</size>
         <contents>
         </contents>
      </logical_group>
      <logical_group id="lg-198" display="never" color="cyan">
         <name>.debug_info</name>
         <load_address>0x0</load_address>
         <run_address>0x0</run_address>
         <size>0x7649</size>
         <contents>
            <object_component_ref idref="oc-b2"/>
            <object_component_ref idref="oc-d9"/>
            <object_component_ref idref="oc-70"/>
            <object_component_ref idref="oc-36"/>
            <object_component_ref idref="oc-ad"/>
            <object_component_ref idref="oc-75"/>
            <object_component_ref idref="oc-c5"/>
            <object_component_ref idref="oc-d1"/>
            <object_component_ref idref="oc-128"/>
            <object_component_ref idref="oc-cb"/>
            <object_component_ref idref="oc-e5"/>
            <object_component_ref idref="oc-dc"/>
            <object_component_ref idref="oc-df"/>
            <object_component_ref idref="oc-e2"/>
            <object_component_ref idref="oc-9c"/>
            <object_component_ref idref="oc-2f"/>
            <object_component_ref idref="oc-13"/>
            <object_component_ref idref="oc-29"/>
            <object_component_ref idref="oc-46"/>
            <object_component_ref idref="oc-1e"/>
            <object_component_ref idref="oc-41"/>
            <object_component_ref idref="oc-81"/>
            <object_component_ref idref="oc-7f"/>
            <object_component_ref idref="oc-17"/>
            <object_component_ref idref="oc-31"/>
            <object_component_ref idref="oc-b3"/>
            <object_component_ref idref="oc-7a"/>
            <object_component_ref idref="oc-25"/>
            <object_component_ref idref="oc-5a"/>
            <object_component_ref idref="oc-3d"/>
            <object_component_ref idref="oc-140"/>
            <object_component_ref idref="oc-f4"/>
            <object_component_ref idref="oc-167"/>
            <object_component_ref idref="oc-17b"/>
            <object_component_ref idref="oc-16c"/>
            <object_component_ref idref="oc-171"/>
            <object_component_ref idref="oc-97"/>
            <object_component_ref idref="oc-e8"/>
            <object_component_ref idref="oc-1b5"/>
         </contents>
      </logical_group>
      <logical_group id="lg-19a" display="never" color="cyan">
         <name>.debug_line</name>
         <load_address>0x0</load_address>
         <run_address>0x0</run_address>
         <size>0x1aba</size>
         <contents>
            <object_component_ref idref="oc-125"/>
            <object_component_ref idref="oc-d7"/>
            <object_component_ref idref="oc-73"/>
            <object_component_ref idref="oc-39"/>
            <object_component_ref idref="oc-b0"/>
            <object_component_ref idref="oc-78"/>
            <object_component_ref idref="oc-c7"/>
            <object_component_ref idref="oc-d4"/>
            <object_component_ref idref="oc-156"/>
            <object_component_ref idref="oc-cd"/>
            <object_component_ref idref="oc-134"/>
            <object_component_ref idref="oc-12e"/>
            <object_component_ref idref="oc-130"/>
            <object_component_ref idref="oc-132"/>
            <object_component_ref idref="oc-9f"/>
            <object_component_ref idref="oc-6f"/>
            <object_component_ref idref="oc-2e"/>
            <object_component_ref idref="oc-28"/>
            <object_component_ref idref="oc-87"/>
            <object_component_ref idref="oc-1c"/>
            <object_component_ref idref="oc-44"/>
            <object_component_ref idref="oc-84"/>
            <object_component_ref idref="oc-b9"/>
            <object_component_ref idref="oc-1a"/>
            <object_component_ref idref="oc-34"/>
            <object_component_ref idref="oc-b6"/>
            <object_component_ref idref="oc-7d"/>
            <object_component_ref idref="oc-6c"/>
            <object_component_ref idref="oc-5d"/>
            <object_component_ref idref="oc-3f"/>
            <object_component_ref idref="oc-166"/>
            <object_component_ref idref="oc-f3"/>
            <object_component_ref idref="oc-16a"/>
            <object_component_ref idref="oc-17e"/>
            <object_component_ref idref="oc-16f"/>
            <object_component_ref idref="oc-174"/>
            <object_component_ref idref="oc-9a"/>
            <object_component_ref idref="oc-ea"/>
         </contents>
      </logical_group>
      <logical_group id="lg-19c" display="never" color="cyan">
         <name>.debug_frame</name>
         <load_address>0x0</load_address>
         <run_address>0x0</run_address>
         <size>0xf08</size>
         <contents>
            <object_component_ref idref="oc-d6"/>
            <object_component_ref idref="oc-c8"/>
            <object_component_ref idref="oc-d3"/>
            <object_component_ref idref="oc-ce"/>
            <object_component_ref idref="oc-a0"/>
            <object_component_ref idref="oc-2c"/>
            <object_component_ref idref="oc-1d"/>
            <object_component_ref idref="oc-16"/>
            <object_component_ref idref="oc-5e"/>
            <object_component_ref idref="oc-f7"/>
            <object_component_ref idref="oc-96"/>
            <object_component_ref idref="oc-eb"/>
         </contents>
      </logical_group>
      <logical_group id="lg-19e" display="never" color="cyan">
         <name>.debug_abbrev</name>
         <load_address>0x0</load_address>
         <run_address>0x0</run_address>
         <size>0xb5c</size>
         <contents>
            <object_component_ref idref="oc-124"/>
            <object_component_ref idref="oc-12c"/>
            <object_component_ref idref="oc-72"/>
            <object_component_ref idref="oc-38"/>
            <object_component_ref idref="oc-af"/>
            <object_component_ref idref="oc-77"/>
            <object_component_ref idref="oc-126"/>
            <object_component_ref idref="oc-12b"/>
            <object_component_ref idref="oc-155"/>
            <object_component_ref idref="oc-12a"/>
            <object_component_ref idref="oc-133"/>
            <object_component_ref idref="oc-12d"/>
            <object_component_ref idref="oc-12f"/>
            <object_component_ref idref="oc-131"/>
            <object_component_ref idref="oc-e4"/>
            <object_component_ref idref="oc-6e"/>
            <object_component_ref idref="oc-2d"/>
            <object_component_ref idref="oc-6d"/>
            <object_component_ref idref="oc-86"/>
            <object_component_ref idref="oc-40"/>
            <object_component_ref idref="oc-43"/>
            <object_component_ref idref="oc-83"/>
            <object_component_ref idref="oc-b8"/>
            <object_component_ref idref="oc-30"/>
            <object_component_ref idref="oc-33"/>
            <object_component_ref idref="oc-b5"/>
            <object_component_ref idref="oc-7c"/>
            <object_component_ref idref="oc-6b"/>
            <object_component_ref idref="oc-a4"/>
            <object_component_ref idref="oc-80"/>
            <object_component_ref idref="oc-165"/>
            <object_component_ref idref="oc-13f"/>
            <object_component_ref idref="oc-169"/>
            <object_component_ref idref="oc-17d"/>
            <object_component_ref idref="oc-16e"/>
            <object_component_ref idref="oc-173"/>
            <object_component_ref idref="oc-c2"/>
            <object_component_ref idref="oc-135"/>
            <object_component_ref idref="oc-1b6"/>
         </contents>
      </logical_group>
      <logical_group id="lg-1a0" display="never" color="cyan">
         <name>.debug_str</name>
         <load_address>0x0</load_address>
         <run_address>0x0</run_address>
         <size>0x13ad</size>
         <contents>
            <object_component_ref idref="oc-74"/>
            <object_component_ref idref="oc-3a"/>
            <object_component_ref idref="oc-b1"/>
            <object_component_ref idref="oc-79"/>
            <object_component_ref idref="oc-45"/>
            <object_component_ref idref="oc-85"/>
            <object_component_ref idref="oc-35"/>
            <object_component_ref idref="oc-b7"/>
            <object_component_ref idref="oc-7e"/>
            <object_component_ref idref="oc-16b"/>
            <object_component_ref idref="oc-17f"/>
            <object_component_ref idref="oc-170"/>
            <object_component_ref idref="oc-175"/>
         </contents>
      </logical_group>
      <logical_group id="lg-1a2" display="never" color="cyan">
         <name>.debug_aranges</name>
         <load_address>0x0</load_address>
         <run_address>0x0</run_address>
         <size>0x5e8</size>
         <contents>
            <object_component_ref idref="oc-d8"/>
            <object_component_ref idref="oc-c4"/>
            <object_component_ref idref="oc-d0"/>
            <object_component_ref idref="oc-ca"/>
            <object_component_ref idref="oc-9d"/>
            <object_component_ref idref="oc-2a"/>
            <object_component_ref idref="oc-20"/>
            <object_component_ref idref="oc-18"/>
            <object_component_ref idref="oc-5c"/>
            <object_component_ref idref="oc-3c"/>
            <object_component_ref idref="oc-f6"/>
            <object_component_ref idref="oc-99"/>
            <object_component_ref idref="oc-e7"/>
         </contents>
      </logical_group>
      <logical_group id="lg-1a4" display="never" color="cyan">
         <name>.debug_pubnames</name>
         <load_address>0x0</load_address>
         <run_address>0x0</run_address>
         <size>0xd74</size>
         <contents>
            <object_component_ref idref="oc-da"/>
            <object_component_ref idref="oc-c6"/>
            <object_component_ref idref="oc-d2"/>
            <object_component_ref idref="oc-129"/>
            <object_component_ref idref="oc-cc"/>
            <object_component_ref idref="oc-dd"/>
            <object_component_ref idref="oc-e0"/>
            <object_component_ref idref="oc-e3"/>
            <object_component_ref idref="oc-9e"/>
            <object_component_ref idref="oc-14"/>
            <object_component_ref idref="oc-2b"/>
            <object_component_ref idref="oc-1f"/>
            <object_component_ref idref="oc-19"/>
            <object_component_ref idref="oc-26"/>
            <object_component_ref idref="oc-5b"/>
            <object_component_ref idref="oc-3e"/>
            <object_component_ref idref="oc-f5"/>
            <object_component_ref idref="oc-98"/>
            <object_component_ref idref="oc-e9"/>
         </contents>
      </logical_group>
      <logical_group id="lg-1a6" display="never" color="cyan">
         <name>.debug_pubtypes</name>
         <load_address>0x0</load_address>
         <run_address>0x0</run_address>
         <size>0x940</size>
         <contents>
            <object_component_ref idref="oc-71"/>
            <object_component_ref idref="oc-37"/>
            <object_component_ref idref="oc-ae"/>
            <object_component_ref idref="oc-76"/>
            <object_component_ref idref="oc-42"/>
            <object_component_ref idref="oc-82"/>
            <object_component_ref idref="oc-32"/>
            <object_component_ref idref="oc-b4"/>
            <object_component_ref idref="oc-7b"/>
            <object_component_ref idref="oc-168"/>
            <object_component_ref idref="oc-17c"/>
            <object_component_ref idref="oc-16d"/>
            <object_component_ref idref="oc-172"/>
         </contents>
      </logical_group>
      <logical_group id="lg-1b3" display="no" color="cyan">
         <name>Veneer$$CMSE</name>
         <run_address>0x0</run_address>
         <size>0x0</size>
         <contents>
         </contents>
      </logical_group>
      <load_segment id="lg-1b8" display="no" color="cyan">
         <name>SEGMENT_0</name>
         <load_address>0x0</load_address>
         <run_address>0x0</run_address>
         <size>0xa18</size>
         <flags>0x5</flags>
         <contents>
            <logical_group_ref idref="lg-3"/>
            <logical_group_ref idref="lg-4"/>
            <logical_group_ref idref="lg-5"/>
            <logical_group_ref idref="lg-6"/>
         </contents>
      </load_segment>
      <load_segment id="lg-1b9" display="no" color="cyan">
         <name>SEGMENT_1</name>
         <run_address>0x20000000</run_address>
         <size>0x204</size>
         <flags>0x6</flags>
         <contents>
            <logical_group_ref idref="lg-d"/>
            <logical_group_ref idref="lg-a"/>
         </contents>
      </load_segment>
   </logical_group_list>
   <placement_map>
      <memory_area display="yes" color="green">
         <name>FLASH</name>
         <page_id>0x0</page_id>
         <origin>0x0</origin>
         <length>0x40000</length>
         <used_space>0xa15</used_space>
         <unused_space>0x3f5eb</unused_space>
         <attributes>RX</attributes>
         <usage_details>
            <allocated_space>
               <start_address>0x0</start_address>
               <size>0x26c</size>
               <logical_group_ref idref="lg-3"/>
            </allocated_space>
            <allocated_space>
               <start_address>0x26c</start_address>
               <size>0x772</size>
               <logical_group_ref idref="lg-4"/>
            </allocated_space>
            <available_space>
               <start_address>0x9de</start_address>
               <size>0x2</size>
            </available_space>
            <allocated_space>
               <start_address>0x9e0</start_address>
               <size>0x1f</size>
               <logical_group_ref idref="lg-5"/>
            </allocated_space>
            <available_space>
               <start_address>0x9ff</start_address>
               <size>0x1</size>
            </available_space>
            <allocated_space>
               <start_address>0xa00</start_address>
               <size>0x18</size>
               <logical_group_ref idref="lg-6"/>
            </allocated_space>
            <available_space>
               <start_address>0xa18</start_address>
               <size>0x3f5e8</size>
            </available_space>
         </usage_details>
      </memory_area>
      <memory_area display="yes" color="green">
         <name>SRAM</name>
         <page_id>0x0</page_id>
         <origin>0x20000000</origin>
         <length>0x8000</length>
         <used_space>0x204</used_space>
         <unused_space>0x7dfc</unused_space>
         <attributes>RWX</attributes>
         <usage_details>
            <allocated_space>
               <start_address>0x20000000</start_address>
               <size>0x0</size>
               <logical_group_ref idref="lg-189"/>
            </allocated_space>
            <allocated_space>
               <start_address>0x20000000</start_address>
               <size>0x200</size>
               <logical_group_ref idref="lg-d"/>
            </allocated_space>
            <allocated_space>
               <start_address>0x20000200</start_address>
               <size>0x4</size>
               <logical_group_ref idref="lg-a"/>
            </allocated_space>
            <available_space>
               <start_address>0x20000204</start_address>
               <size>0x7dfc</size>
            </available_space>
         </usage_details>
      </memory_area>
   </placement_map>
   <cptbl_list>
      <cptbl>
         <name>__TI_cinit_table</name>
         <cprec>
            <name>.data</name>
            <load_address>0xa00</load_address>
            <load_size>0x8</load_size>
            <run_address>0x20000200</run_address>
            <run_size>0x4</run_size>
            <compression>lzss</compression>
         </cprec>
      </cptbl>
   </cptbl_list>
   <handler_table>
      <handler_table_name>__TI_handler_table</handler_table_name>
      <handler>
         <index>0x0</index>
         <name>__TI_decompress_lzss</name>
      </handler>
      <handler>
         <index>0x1</index>
         <name>__TI_decompress_none</name>
      </handler>
   </handler_table>
   <symbol_table>
      <symbol id="sm-1">
         <name>__STACK_TOP</name>
         <value>0x20000200</value>
      </symbol>
      <symbol id="sm-2">
         <name>__start___llvm_prf_cnts</name>
[...]
         <object_component_ref idref="oc-27"/>
      </symbol>
      <symbol id="sm-1fc">
         <name>uDMA_Error</name>
         <value>0x4bb</value>
         <object_component_ref idref="oc-27"/>
      </symbol>
      <symbol id="sm-1fd">
         <name>UART3_Handler</name>
         <value>0x4d3</value>
         <object_component_ref idref="oc-27"/>
      </symbol>
      <symbol id="sm-1fe">
         <name>CAN0_Handler</name>
         <value>0x4ab</value>
         <object_component_ref idref="oc-27"/>
      </symbol>
      <symbol id="sm-1ff">
         <name>GPIOPortP6_Handler</name>
         <value>0x51f</value>
         <object_component_ref idref="oc-27"/>
      </symbol>
      <symbol id="sm-200">
         <name>Quadrature1_Handler</name>
         <value>0x4a9</value>
         <object_component_ref idref="oc-27"/>
      </symbol>
      <symbol id="sm-201">
         <name>PWM0Fault_Handler</name>
         <value>0x46f</value>
         <object_component_ref idref="oc-27"/>
      </symbol>
      <symbol id="sm-202">
         <name>ExtBus_Handler</name>
         <value>0x4c7</value>
         <object_component_ref idref="oc-27"/>
      </symbol>
      <symbol id="sm-203">
         <name>GPIOPortP1_Handler</name>
         <value>0x515</value>
         <object_component_ref idref="oc-27"/>
      </symbol>
      <symbol id="sm-204">
         <name>PWM0Generator3_Handler</name>
         <value>0x4b7</value>
         <object_component_ref idref="oc-27"/>
      </symbol>
      <symbol id="sm-205">
         <name>I2C2_Handler</name>
         <value>0x4dd</value>
         <object_component_ref idref="oc-27"/>
      </symbol>
      <symbol id="sm-206">
         <name>Timer1A_Handler</name>
         <value>0x487</value>
         <object_component_ref idref="oc-27"/>
      </symbol>
      <symbol id="sm-207">
         <name>Timer3A_Handler</name>
         <value>0x4a3</value>
         <object_component_ref idref="oc-27"/>
      </symbol>
      <symbol id="sm-208">
         <name>Timer5A_Handler</name>
         <value>0x4e5</value>
         <object_component_ref idref="oc-27"/>
      </symbol>
      <symbol id="sm-209">
         <name>GPIOPortL_Handler</name>
         <value>0x4cd</value>
         <object_component_ref idref="oc-27"/>
      </symbol>
      <symbol id="sm-20a">
         <name>WDT_Handler</name>
         <value>0x481</value>
         <object_component_ref idref="oc-27"/>
      </symbol>
      <symbol id="sm-20b">
         <name>WideTimer3A_Handler</name>
         <value>0x4f5</value>
         <object_component_ref idref="oc-27"/>
      </symbol>
      <symbol id="sm-20c">
         <name>WideTimer1A_Handler</name>
         <value>0x4ed</value>
         <object_component_ref idref="oc-27"/>
      </symbol>
      <symbol id="sm-20d">
         <name>WideTimer5A_Handler</name>
         <value>0x4fd</value>
         <object_component_ref idref="oc-27"/>
      </symbol>
      <symbol id="sm-20e">
         <name>GPIOPortG_Handler</name>
         <value>0x49b</value>
         <object_component_ref idref="oc-27"/>
      </symbol>
      <symbol id="sm-20f">
         <name>GPIOPortQ5_Handler</name>
         <value>0x52d</value>
         <object_component_ref idref="oc-27"/>
      </symbol>
      <symbol id="sm-210">
         <name>UART5_Handler</name>
         <value>0x4d7</value>
         <object_component_ref idref="oc-27"/>
      </symbol>
      <symbol id="sm-211">
         <name>CAN2_Handler</name>
         <value>0x4af</value>
         <object_component_ref idref="oc-27"/>
      </symbol>
      <symbol id="sm-212">
         <name>StartCritical</name>
         <value>0x549</value>
         <object_component_ref idref="oc-27"/>
      </symbol>
      <symbol id="sm-213">
         <name>GPIOPortP3_Handler</name>
         <value>0x519</value>
         <object_component_ref idref="oc-27"/>
      </symbol>
      <symbol id="sm-214">
         <name>GPIOPortP_Handler</name>
         <value>0x513</value>
         <object_component_ref idref="oc-27"/>
      </symbol>
      <symbol id="sm-215">
         <name>Comp1_Handler</name>
         <value>0x491</value>
         <object_component_ref idref="oc-27"/>
      </symbol>
      <symbol id="sm-216">
         <name>Timer0B_Handler</name>
         <value>0x485</value>
         <object_component_ref idref="oc-27"/>
      </symbol>
      <symbol id="sm-217">
         <name>Timer2B_Handler</name>
         <value>0x48d</value>
         <object_component_ref idref="oc-27"/>
      </symbol>
      <symbol id="sm-218">
         <name>Timer4B_Handler</name>
         <value>0x4e3</value>
         <object_component_ref idref="oc-27"/>
      </symbol>
      <symbol id="sm-219">
         <name>PWM0Generator1_Handler</name>
         <value>0x473</value>
         <object_component_ref idref="oc-27"/>
      </symbol>
      <symbol id="sm-21a">
         <name>ResetISR</name>
         <value>0x449</value>
         <object_component_ref idref="oc-27"/>
      </symbol>
      <symbol id="sm-21b">
         <name>PECI0_Handler</name>
         <value>0x503</value>
         <object_component_ref idref="oc-27"/>
      </symbol>
      <symbol id="sm-21c">
         <name>LPC0_Handler</name>
         <value>0x505</value>
         <object_component_ref idref="oc-27"/>
      </symbol>
      <symbol id="sm-21d">
         <name>PWM1Generator2_Handler</name>
         <value>0x53b</value>
         <object_component_ref idref="oc-27"/>
      </symbol>
      <symbol id="sm-21e">
         <name>I2C5_Handler</name>
         <value>0x509</value>
         <object_component_ref idref="oc-27"/>
      </symbol>
      <symbol id="sm-21f">
         <name>GPIOPortN_Handler</name>
         <value>0x50d</value>
         <object_component_ref idref="oc-27"/>
      </symbol>
      <symbol id="sm-220">
         <name>ADC1Seq2_Handler</name>
         <value>0x4c1</value>
         <object_component_ref idref="oc-27"/>
      </symbol>
      <symbol id="sm-221">
         <name>GPIOPortQ7_Handler</name>
         <value>0x531</value>
         <object_component_ref idref="oc-27"/>
      </symbol>
      <symbol id="sm-222">
         <name>UART7_Handler</name>
         <value>0x4db</value>
         <object_component_ref idref="oc-27"/>
      </symbol>
      <symbol id="sm-223">
         <name>ADC0Seq3_Handler</name>
         <value>0x47f</value>
         <object_component_ref idref="oc-27"/>
      </symbol>
      <symbol id="sm-224">
         <name>WideTimer2A_Handler</name>
         <value>0x4f1</value>
         <object_component_ref idref="oc-27"/>
      </symbol>
      <symbol id="sm-225">
         <name>WideTimer0A_Handler</name>
         <value>0x4e9</value>
         <object_component_ref idref="oc-27"/>
      </symbol>
      <symbol id="sm-226">
         <name>WideTimer4A_Handler</name>
         <value>0x4f9</value>
         <object_component_ref idref="oc-27"/>
      </symbol>
      <symbol id="sm-227">
         <name>GPIOPortP5_Handler</name>
         <value>0x51d</value>
         <object_component_ref idref="oc-27"/>
      </symbol>
      <symbol id="sm-228">
         <name>GPIOPortR_Handler</name>
         <value>0x533</value>
         <object_component_ref idref="oc-27"/>
      </symbol>
      <symbol id="sm-229">
         <name>USB0_Handler</name>
         <value>0x4b5</value>
         <object_component_ref idref="oc-27"/>
      </symbol>
      <symbol id="sm-22a">
         <name>PWM1Generator0_Handler</name>
         <value>0x537</value>
         <object_component_ref idref="oc-27"/>
      </symbol>
      <symbol id="sm-22b">
         <name>EndCritical</name>
         <value>0x551</value>
         <object_component_ref idref="oc-27"/>
      </symbol>
      <symbol id="sm-22c">
         <name>SSI1_Handler</name>
         <value>0x4a1</value>
         <object_component_ref idref="oc-27"/>
      </symbol>
      <symbol id="sm-22d">
         <name>Timer1B_Handler</name>
         <value>0x489</value>
         <object_component_ref idref="oc-27"/>
      </symbol>
      <symbol id="sm-22e">
         <name>Timer3B_Handler</name>
         <value>0x4a5</value>
         <object_component_ref idref="oc-27"/>
      </symbol>
      <symbol id="sm-22f">
         <name>Timer5B_Handler</name>
         <value>0x4e7</value>
         <object_component_ref idref="oc-27"/>
      </symbol>
      <symbol id="sm-230">
         <name>ADC1Seq0_Handler</name>
         <value>0x4bd</value>
         <object_component_ref idref="oc-27"/>
      </symbol>
      <symbol id="sm-231">
         <name>GPIOPortK_Handler</name>
         <value>0x4cb</value>
         <object_component_ref idref="oc-27"/>
      </symbol>
      <symbol id="sm-232">
         <name>WideTimer3B_Handler</name>
         <value>0x4f7</value>
         <object_component_ref idref="oc-27"/>
      </symbol>
      <symbol id="sm-233">
         <name>WideTimer1B_Handler</name>
         <value>0x4ef</value>
         <object_component_ref idref="oc-27"/>
      </symbol>
      <symbol id="sm-234">
         <name>WideTimer5B_Handler</name>
         <value>0x4ff</value>
         <object_component_ref idref="oc-27"/>
      </symbol>
      <symbol id="sm-235">
         <name>SysCtl_Handler</name>
         <value>0x495</value>
         <object_component_ref idref="oc-27"/>
      </symbol>
      <symbol id="sm-236">
         <name>GPIOPortB_Handler</name>
         <value>0x45f</value>
         <object_component_ref idref="oc-27"/>
      </symbol>
      <symbol id="sm-237">
         <name>uDMA_Handler</name>
         <value>0x4b9</value>
         <object_component_ref idref="oc-27"/>
      </symbol>
      <symbol id="sm-238">
         <name>ADC0Seq1_Handler</name>
         <value>0x47b</value>
         <object_component_ref idref="oc-27"/>
      </symbol>
      <symbol id="sm-239">
         <name>UART0_Handler</name>
         <value>0x467</value>
         <object_component_ref idref="oc-27"/>
      </symbol>
      <symbol id="sm-23a">
         <name>GPIOPortP7_Handler</name>
         <value>0x521</value>
         <object_component_ref idref="oc-27"/>
      </symbol>
      <symbol id="sm-23b">
         <name>PWM1Fault_Handler</name>
         <value>0x53f</value>
         <object_component_ref idref="oc-27"/>
      </symbol>
      <symbol id="sm-23c">
         <name>I2C1_Handler</name>
         <value>0x4a7</value>
         <object_component_ref idref="oc-27"/>
      </symbol>
      <symbol id="sm-23d">
         <name>SSI3_Handler</name>
         <value>0x4d1</value>
         <object_component_ref idref="oc-27"/>
      </symbol>
      <symbol id="sm-23e">
         <name>GPIOPortM_Handler</name>
         <value>0x50b</value>
         <object_component_ref idref="oc-27"/>
      </symbol>
      <symbol id="sm-23f">
         <name>g_pfnVectors</name>
         <value>0x0</value>
         <object_component_ref idref="oc-12"/>
      </symbol>
      <symbol id="sm-240">
         <name>GPIOPortD_Handler</name>
         <value>0x463</value>
         <object_component_ref idref="oc-27"/>
      </symbol>
      <symbol id="sm-241">
         <name>GPIOPortQ2_Handler</name>
         <value>0x527</value>
         <object_component_ref idref="oc-27"/>
      </symbol>
      <symbol id="sm-242">
         <name>UART2_Handler</name>
         <value>0x49f</value>
         <object_component_ref idref="oc-27"/>
      </symbol>
      <symbol id="sm-243">
         <name>CAN1_Handler</name>
         <value>0x4ad</value>
         <object_component_ref idref="oc-27"/>
      </symbol>
      <symbol id="sm-244">
         <name>Quadrature0_Handler</name>
         <value>0x477</value>
         <object_component_ref idref="oc-27"/>
      </symbol>
      <symbol id="sm-245">
         <name>WideTimer2B_Handler</name>
         <value>0x4f3</value>
         <object_component_ref idref="oc-27"/>
      </symbol>
      <symbol id="sm-246">
         <name>WideTimer0B_Handler</name>
         <value>0x4eb</value>
         <object_component_ref idref="oc-27"/>
      </symbol>
      <symbol id="sm-247">
         <name>WideTimer4B_Handler</name>
         <value>0x4fb</value>
         <object_component_ref idref="oc-27"/>
      </symbol>
      <symbol id="sm-248">
         <name>GPIOPortQ_Handler</name>
         <value>0x523</value>
         <object_component_ref idref="oc-27"/>
      </symbol>
      <symbol id="sm-249">
         <name>DisableInterrupts</name>
         <value>0x541</value>
         <object_component_ref idref="oc-27"/>
      </symbol>
      <symbol id="sm-24a">
         <name>Comp0_Handler</name>
         <value>0x48f</value>
         <object_component_ref idref="oc-27"/>
      </symbol>
      <symbol id="sm-24b">
         <name>PWM0Generator2_Handler</name>
         <value>0x475</value>
         <object_component_ref idref="oc-27"/>
      </symbol>
      <symbol id="sm-24c">
         <name>I2C3_Handler</name>
         <value>0x4df</value>
         <object_component_ref idref="oc-27"/>
      </symbol>
      <symbol id="sm-24d">
         <name>Ethernet_Handler</name>
         <value>0x4b1</value>
         <object_component_ref idref="oc-27"/>
      </symbol>
      <symbol id="sm-24e">
         <name>PWM1Generator3_Handler</name>
         <value>0x53d</value>
         <object_component_ref idref="oc-27"/>
      </symbol>
      <symbol id="sm-24f">
         <name>I2C4_Handler</name>
         <value>0x507</value>
         <object_component_ref idref="oc-27"/>
      </symbol>
      <symbol id="sm-250">
         <name>Fan0_Handler</name>
         <value>0x511</value>
         <object_component_ref idref="oc-27"/>
      </symbol>
      <symbol id="sm-251">
         <name>WaitForInterrupt</name>
         <value>0x557</value>
         <object_component_ref idref="oc-27"/>
      </symbol>
      <symbol id="sm-252">
         <name>ADC1Seq3_Handler</name>
         <value>0x4c3</value>
         <object_component_ref idref="oc-27"/>
      </symbol>
      <symbol id="sm-253">
         <name>GPIOPortF_Handler</name>
         <value>0x499</value>
         <object_component_ref idref="oc-27"/>
      </symbol>
      <symbol id="sm-254">
         <name>GPIOPortQ4_Handler</name>
         <value>0x52b</value>
         <object_component_ref idref="oc-27"/>
      </symbol>
      <symbol id="sm-255">
         <name>EnableInterrupts</name>
         <value>0x545</value>
         <object_component_ref idref="oc-27"/>
      </symbol>
      <symbol id="sm-256">
         <name>GPIOPortA_Handler</name>
         <value>0x45d</value>
         <object_component_ref idref="oc-27"/>
      </symbol>
      <symbol id="sm-257">
         <name>UART4_Handler</name>
         <value>0x4d5</value>
         <object_component_ref idref="oc-27"/>
      </symbol>
      <symbol id="sm-258">
         <name>Quadrature2_Handler</name>
         <value>0x50f</value>
         <object_component_ref idref="oc-27"/>
      </symbol>
      <symbol id="sm-259">
         <name>GPIOPortP2_Handler</name>
         <value>0x517</value>
         <object_component_ref idref="oc-27"/>
      </symbol>
      <symbol id="sm-25a">
         <name>GPIOPortS_Handler</name>
         <value>0x535</value>
         <object_component_ref idref="oc-27"/>
      </symbol>
      <symbol id="sm-25b">
         <name>Comp2_Handler</name>
         <value>0x493</value>
         <object_component_ref idref="oc-27"/>
      </symbol>
      <symbol id="sm-25c">
         <name>DebugMon_Handler</name>
         <value>0x457</value>
         <object_component_ref idref="oc-27"/>
      </symbol>
      <symbol id="sm-25d">
         <name>PWM0Generator0_Handler</name>
         <value>0x471</value>
         <object_component_ref idref="oc-27"/>
      </symbol>
      <symbol id="sm-25e">
         <name>PWM1Generator1_Handler</name>
         <value>0x539</value>
         <object_component_ref idref="oc-27"/>
      </symbol>
      <symbol id="sm-25f">
         <name>SSI0_Handler</name>
         <value>0x46b</value>
         <object_component_ref idref="oc-27"/>
      </symbol>
      <symbol id="sm-260">
         <name>ADC1Seq1_Handler</name>
         <value>0x4bf</value>
         <object_component_ref idref="oc-27"/>
      </symbol>
      <symbol id="sm-261">
         <name>GPIOPortH_Handler</name>
         <value>0x49d</value>
         <object_component_ref idref="oc-27"/>
      </symbol>
      <symbol id="sm-262">
         <name>GPIOPortQ6_Handler</name>
         <value>0x52f</value>
         <object_component_ref idref="oc-27"/>
      </symbol>
      <symbol id="sm-263">
         <name>GPIOPortC_Handler</name>
         <value>0x461</value>
         <object_component_ref idref="oc-27"/>
      </symbol>
      <symbol id="sm-264">
         <name>GPIOPortQ1_Handler</name>
         <value>0x525</value>
         <object_component_ref idref="oc-27"/>
      </symbol>
      <symbol id="sm-265">
         <name>UART6_Handler</name>
         <value>0x4d9</value>
         <object_component_ref idref="oc-27"/>
      </symbol>
      <symbol id="sm-266">
         <name>ADC0Seq2_Handler</name>
         <value>0x47d</value>
         <object_component_ref idref="oc-27"/>
      </symbol>
      <symbol id="sm-27e">
         <name>__TI_decompress_none</name>
         <value>0x9c9</value>
         <object_component_ref idref="oc-1b"/>
      </symbol>
      <symbol id="sm-2a1">
         <name>__TI_decompress_lzss</name>
         <value>0x8e9</value>
         <object_component_ref idref="oc-15"/>
      </symbol>
      <symbol id="sm-2b4">
         <name>__stack</name>
         <value>0x20000000</value>
         <object_component_ref idref="oc-24"/>
      </symbol>
      <symbol id="sm-2b5">
         <name>_c_int00_noargs</name>
         <value>0x995</value>
         <object_component_ref idref="oc-59"/>
      </symbol>
      <symbol id="sm-2d0">
         <name>memcpy</name>
         <value>0x7c5</value>
         <object_component_ref idref="oc-3b"/>
      </symbol>
      <symbol id="sm-2d1">
         <name>__aeabi_memcpy</name>
         <value>0x7c5</value>
         <object_component_ref idref="oc-3b"/>
      </symbol>
      <symbol id="sm-2d2">
         <name>__aeabi_memcpy8</name>
         <value>0x7c5</value>
         <object_component_ref idref="oc-3b"/>
      </symbol>
      <symbol id="sm-2d3">
         <name>__aeabi_memcpy4</name>
         <value>0x7c5</value>
         <object_component_ref idref="oc-3b"/>
      </symbol>
      <symbol id="sm-2fc">
         <name>__TI_auto_init_nobinit_nopinit</name>
         <value>0x951</value>
         <object_component_ref idref="oc-f2"/>
      </symbol>
      <symbol id="sm-306">
         <name>_system_pre_init</name>
         <value>0x9d7</value>
         <object_component_ref idref="oc-95"/>
      </symbol>
      <symbol id="sm-312">
         <name>C$$EXIT</name>
         <value>0x9db</value>
         <object_component_ref idref="oc-e6"/>
      </symbol>
      <symbol id="sm-313">
         <name>abort</name>
         <value>0x9db</value>
         <object_component_ref idref="oc-e6"/>
      </symbol>
      <symbol id="sm-316">
         <name>__TI_static_base__</name>
         <value>0x0</value>
      </symbol>
      <symbol id="sm-319">
         <name>__mpu_init</name>
         <value>0x0</value>
      </symbol>
      <symbol id="sm-31a">
         <name>_system_post_cinit</name>
         <value>0x0</value>
      </symbol>
   </symbol_table>
   <title>Link successful</title>
</link_info>
