******************************************************************************
                  TI ARM Linker PC v20.2.7                     
******************************************************************************
>> Linked Thu Feb 22 14:23:20 2024

OUTPUT FILE NAME:   <lab2.out>
ENTRY POINT SYMBOL: "_c_int00_noargs"  address: 00000995


MEMORY CONFIGURATION

         name            origin    length      used     unused   attr    fill
----------------------  --------  ---------  --------  --------  ----  --------
  FLASH                 00000000   00040000  00000a15  0003f5eb  R  X
  SRAM                  20000000   00008000  00000204  00007dfc  RW X


SEGMENT ALLOCATION MAP

run origin  load origin   length   init length attrs members
----------  ----------- ---------- ----------- ----- -------
00000000    00000000    00000a18   00000a18    r-x
  00000000    00000000    0000026c   0000026c    r-- .intvecs
  0000026c    0000026c    00000772   00000772    r-x .text
  000009e0    000009e0    0000001f   0000001f    r-- .const
  00000a00    00000a00    00000018   00000018    r-- .cinit
20000000    20000000    00000204   00000000    rw-
  20000000    20000000    00000200   00000000    rw- .stack
  20000200    20000200    00000004   00000000    rw- .data


SECTION ALLOCATION MAP

 output                                  attributes/
section   page    origin      length       input sections
--------  ----  ----------  ----------   ----------------
.intvecs   0    00000000    0000026c     
                  00000000    0000026c     tm4c123gh6pm_startup_ccs.obj (.intvecs)

.text      0    0000026c    00000772     
                  0000026c    000001dc     LCD.obj (.text)
                  00000448    00000112     tm4c123gh6pm_startup_ccs.obj (.text)
                  0000055a    00000002     --HOLE-- [fill = 0]
                  0000055c    000000dc     SSI2.obj (.text)
                  00000638    000000c8     main.obj (.text)
                  00000700    000000c4     Timer0A.obj (.text)
                  000007c4    0000009c     rtsv7M4_T_le_v4SPD16_eabi.lib : memcpy_t2.asm.obj (.text)
                  00000860    00000088     PLL.obj (.text)
                  000008e8    00000068     rtsv7M4_T_le_v4SPD16_eabi.lib : copy_decompress_lzss.c.obj (.text:decompress:lzss:__TI_decompress_lzss)
                  00000950    00000044                                   : autoinit.c.obj (.text:__TI_auto_init_nobinit_nopinit:__TI_auto_init_nobinit_nopinit)
                  00000994    00000034                                   : boot_cortex_m.c.obj (.text:_c_int00_noargs:_c_int00_noargs)
                  000009c8    0000000e                                   : copy_decompress_none.c.obj (.text:decompress:none:__TI_decompress_none)
                  000009d6    00000004                                   : pre_init.c.obj (.text:_system_pre_init)
                  000009da    00000004                                   : exit.c.obj (.text:abort:abort)

.const     0    000009e0    0000001f     
                  000009e0    00000010     main.obj (.const:$P$T2$3)
                  000009f0    00000008     main.obj (.const:.string:$P$T1$2)
                  000009f8    00000007     main.obj (.const:.string:$P$T0$1)

.cinit     0    00000a00    00000018     
                  00000a00    00000008     (.cinit..data.load) [load image, compression = lzss]
                  00000a08    00000008     (__TI_handler_table)
                  00000a10    00000008     (__TI_cinit_table)

.init_array 
*          0    00000000    00000000     UNINITIALIZED

.data      0    20000200    00000004     UNINITIALIZED
                  20000200    00000004     Timer0A.obj (.data)

.stack     0    20000000    00000200     UNINITIALIZED
                  20000000    00000004     rtsv7M4_T_le_v4SPD16_eabi.lib : boot_cortex_m.c.obj (.stack)
                  20000004    000001fc     --HOLE--

__llvm_prf_cnts 
*          0    20000000    00000000     UNINITIALIZED

MODULE SUMMARY

       Module                         code   ro data   rw data
       ------                         ----   -------   -------
    .\
       tm4c123gh6pm_startup_ccs.obj   274    620       0      
       LCD.obj                        476    0         0      
       main.obj                       200    31        0      
       SSI2.obj                       220    0         0      
       Timer0A.obj                    196    0         4      
       PLL.obj                        136    0         0      
    +--+------------------------------+------+---------+---------+
       Total:                         1502   651       4      
                                                              
    C:\ti\ccs1260\ccs\tools\compiler\ti-cgt-arm_20.2.7.LTS\lib\rtsv7M4_T_le_v4SPD16_eabi.lib
       memcpy_t2.asm.obj              156    0         0      
       copy_decompress_lzss.c.obj     104    0         0      
       autoinit.c.obj                 68     0         0      
       boot_cortex_m.c.obj            52     0         0      
       copy_decompress_none.c.obj     14     0         0      
       exit.c.obj                     4      0         0      
       pre_init.c.obj                 4      0         0      
    +--+------------------------------+------+---------+---------+
       Total:                         402    0         0      
                                                              
       Stack:                         0      0         512    
       Linker Generated:              0      24        0      
    +--+------------------------------+------+---------+---------+
       Grand Total:                   1904   675       516    


LINKER GENERATED COPY TABLES

__TI_cinit_table @ 00000a10 records: 1, size/record: 8, table size: 8
	.data: load addr=00000a00, load size=00000008 bytes, run addr=20000200, run size=00000004 bytes, compression=lzss


LINKER GENERATED HANDLER TABLE

__TI_handler_table @ 00000a08 records: 2, size/record: 4, table size: 8
	index: 0, handler: __TI_decompress_lzss
	index: 1, handler: __TI_decompress_none


GLOBAL SYMBOLS: SORTED ALPHABETICALLY BY Name 

address   name                          
-------   ----                          
00000479  ADC0Seq0_Handler              
0000047b  ADC0Seq1_Handler              
0000047d  ADC0Seq2_Handler              
0000047f  ADC0Seq3_Handler              
000004bd  ADC1Seq0_Handler              
000004bf  ADC1Seq1_Handler              
000004c1  ADC1Seq2_Handler              
000004c3  ADC1Seq3_Handler              
000009db  C$$EXIT                       
000004ab  CAN0_Handler                  
000004ad  CAN1_Handler                  
000004af  CAN2_Handler                  
0000048f  Comp0_Handler                 
00000491  Comp1_Handler                 
00000493  Comp2_Handler                 
00000457  DebugMon_Handler              
00000541  DisableInterrupts             
00000545  EnableInterrupts              
00000551  EndCritical                   
000004b1  Ethernet_Handler              
000004c7  ExtBus_Handler                
00000501  FPU_Handler                   
00000511  Fan0_Handler                  
00000497  FlashCtl_Handler              
0000045d  GPIOPortA_Handler             
0000045f  GPIOPortB_Handler             
00000461  GPIOPortC_Handler             
00000463  GPIOPortD_Handler             
00000465  GPIOPortE_Handler             
00000499  GPIOPortF_Handler             
0000049b  GPIOPortG_Handler             
0000049d  GPIOPortH_Handler             
000004c9  GPIOPortJ_Handler             
000004cb  GPIOPortK_Handler             
000004cd  GPIOPortL_Handler             
0000050b  GPIOPortM_Handler             
0000050d  GPIOPortN_Handler             
00000515  GPIOPortP1_Handler            
00000517  GPIOPortP2_Handler            
00000519  GPIOPortP3_Handler            
0000051b  GPIOPortP4_Handler            
0000051d  GPIOPortP5_Handler            
0000051f  GPIOPortP6_Handler            
00000521  GPIOPortP7_Handler            
00000513  GPIOPortP_Handler             
00000525  GPIOPortQ1_Handler            
00000527  GPIOPortQ2_Handler            
00000529  GPIOPortQ3_Handler            
0000052b  GPIOPortQ4_Handler            
0000052d  GPIOPortQ5_Handler            
0000052f  GPIOPortQ6_Handler            
00000531  GPIOPortQ7_Handler            
00000523  GPIOPortQ_Handler             
00000533  GPIOPortR_Handler             
00000535  GPIOPortS_Handler             
000004b3  Hibernate_Handler             
0000046d  I2C0_Handler                  
000004a7  I2C1_Handler                  
000004dd  I2C2_Handler                  
000004df  I2C3_Handler                  
00000507  I2C4_Handler                  
00000509  I2C5_Handler                  
000004c5  I2S0_Handler                  
000002bf  LCD_Clear                     
000003d1  LCD_OutString                 
000003db  LCD_OutUDec                   
00000429  LCD_OutUFix                   
0000041f  LCD_OutUHex                   
00000355  LCD_command                   
0000039b  LCD_data                      
000002c9  LCD_init                      
0000026d  LCD_nibble_write              
00000505  LPC0_Handler                  
00000503  PECI0_Handler                 
00000861  PLL_Init                      
0000046f  PWM0Fault_Handler             
00000471  PWM0Generator0_Handler        
00000473  PWM0Generator1_Handler        
00000475  PWM0Generator2_Handler        
000004b7  PWM0Generator3_Handler        
0000053f  PWM1Fault_Handler             
00000537  PWM1Generator0_Handler        
00000539  PWM1Generator1_Handler        
0000053b  PWM1Generator2_Handler        
0000053d  PWM1Generator3_Handler        
00000459  PendSV_Handler                
00000477  Quadrature0_Handler           
000004a9  Quadrature1_Handler           
0000050f  Quadrature2_Handler           
00000449  ResetISR                      
0000046b  SSI0_Handler                  
000004a1  SSI1_Handler                  
000004cf  SSI2_Handler                  
0000055d  SSI2_init                     
000005c3  SSI2_write                    
000004d1  SSI3_Handler                  
00000455  SVC_Handler                   
00000549  StartCritical                 
00000495  SysCtl_Handler                
0000045b  SysTick_Handler               
00000483  Timer0A_Handler               
00000701  Timer0A_Init                  
00000711  Timer0A_Wait                  
0000076d  Timer0A_Wait1ms               
00000485  Timer0B_Handler               
00000487  Timer1A_Handler               
00000489  Timer1B_Handler               
0000048b  Timer2A_Handler               
0000048d  Timer2B_Handler               
000004a3  Timer3A_Handler               
000004a5  Timer3B_Handler               
000004e1  Timer4A_Handler               
000004e3  Timer4B_Handler               
000004e5  Timer5A_Handler               
000004e7  Timer5B_Handler               
00000467  UART0_Handler                 
00000469  UART1_Handler                 
0000049f  UART2_Handler                 
000004d3  UART3_Handler                 
000004d5  UART4_Handler                 
000004d7  UART5_Handler                 
000004d9  UART6_Handler                 
000004db  UART7_Handler                 
000004b5  USB0_Handler                  
00000481  WDT_Handler                   
00000557  WaitForInterrupt              
000004e9  WideTimer0A_Handler           
000004eb  WideTimer0B_Handler           
000004ed  WideTimer1A_Handler           
000004ef  WideTimer1B_Handler           
000004f1  WideTimer2A_Handler           
000004f3  WideTimer2B_Handler           
000004f5  WideTimer3A_Handler           
000004f7  WideTimer3B_Handler           
000004f9  WideTimer4A_Handler           
000004fb  WideTimer4B_Handler           
000004fd  WideTimer5A_Handler           
000004ff  WideTimer5B_Handler           
20000200  __STACK_END                   
00000200  __STACK_SIZE                  
20000200  __STACK_TOP                   
00000a10  __TI_CINIT_Base               
00000a18  __TI_CINIT_Limit              
00000a08  __TI_Handler_Table_Base       
00000a10  __TI_Handler_Table_Limit      
00000951  __TI_auto_init_nobinit_nopinit
000008e9  __TI_decompress_lzss          
000009c9  __TI_decompress_none          
ffffffff  __TI_pprof_out_hndl           
ffffffff  __TI_prof_data_size           
ffffffff  __TI_prof_data_start          
00000000  __TI_static_base__            
000007c5  __aeabi_memcpy                
000007c5  __aeabi_memcpy4               
000007c5  __aeabi_memcpy8               
ffffffff  __binit__                     
ffffffff  __c_args__                    
UNDEFED   __mpu_init                    
20000000  __stack                       
20000000  __start___llvm_prf_cnts       
20000000  __stop___llvm_prf_cnts        
00000995  _c_int00_noargs               
UNDEFED   _system_post_cinit            
000009d7  _system_pre_init              
000009db  abort                         
ffffffff  binit                         
00000000  g_pfnVectors                  
00000639  main                          
000007c5  memcpy                        
20000200  sysClkFreq                    
000004bb  uDMA_Error                    
000004b9  uDMA_Handler                  


GLOBAL SYMBOLS: SORTED BY Symbol Address 

address   name                          
-------   ----                          
00000000  __TI_static_base__            
00000000  g_pfnVectors                  
00000200  __STACK_SIZE                  
0000026d  LCD_nibble_write              
000002bf  LCD_Clear                     
000002c9  LCD_init                      
00000355  LCD_command                   
0000039b  LCD_data                      
000003d1  LCD_OutString                 
000003db  LCD_OutUDec                   
0000041f  LCD_OutUHex                   
00000429  LCD_OutUFix                   
00000449  ResetISR                      
00000455  SVC_Handler                   
00000457  DebugMon_Handler              
00000459  PendSV_Handler                
0000045b  SysTick_Handler               
0000045d  GPIOPortA_Handler             
0000045f  GPIOPortB_Handler             
00000461  GPIOPortC_Handler             
00000463  GPIOPortD_Handler             
00000465  GPIOPortE_Handler             
00000467  UART0_Handler                 
00000469  UART1_Handler                 
0000046b  SSI0_Handler                  
0000046d  I2C0_Handler                  
0000046f  PWM0Fault_Handler             
00000471  PWM0Generator0_Handler        
00000473  PWM0Generator1_Handler        
00000475  PWM0Generator2_Handler        
00000477  Quadrature0_Handler           
00000479  ADC0Seq0_Handler              
0000047b  ADC0Seq1_Handler              
0000047d  ADC0Seq2_Handler              
0000047f  ADC0Seq3_Handler              
00000481  WDT_Handler                   
00000483  Timer0A_Handler               
00000485  Timer0B_Handler               
00000487  Timer1A_Handler               
00000489  Timer1B_Handler               
0000048b  Timer2A_Handler               
0000048d  Timer2B_Handler               
0000048f  Comp0_Handler                 
00000491  Comp1_Handler                 
00000493  Comp2_Handler                 
00000495  SysCtl_Handler                
00000497  FlashCtl_Handler              
00000499  GPIOPortF_Handler             
0000049b  GPIOPortG_Handler             
0000049d  GPIOPortH_Handler             
0000049f  UART2_Handler                 
000004a1  SSI1_Handler                  
000004a3  Timer3A_Handler               
000004a5  Timer3B_Handler               
000004a7  I2C1_Handler                  
000004a9  Quadrature1_Handler           
000004ab  CAN0_Handler                  
000004ad  CAN1_Handler                  
000004af  CAN2_Handler                  
000004b1  Ethernet_Handler              
000004b3  Hibernate_Handler             
000004b5  USB0_Handler                  
000004b7  PWM0Generator3_Handler        
000004b9  uDMA_Handler                  
000004bb  uDMA_Error                    
000004bd  ADC1Seq0_Handler              
000004bf  ADC1Seq1_Handler              
000004c1  ADC1Seq2_Handler              
000004c3  ADC1Seq3_Handler              
000004c5  I2S0_Handler                  
000004c7  ExtBus_Handler                
000004c9  GPIOPortJ_Handler             
000004cb  GPIOPortK_Handler             
000004cd  GPIOPortL_Handler             
000004cf  SSI2_Handler                  
000004d1  SSI3_Handler                  
000004d3  UART3_Handler                 
000004d5  UART4_Handler                 
000004d7  UART5_Handler                 
000004d9  UART6_Handler                 
000004db  UART7_Handler                 
000004dd  I2C2_Handler                  
000004df  I2C3_Handler                  
000004e1  Timer4A_Handler               
000004e3  Timer4B_Handler               
000004e5  Timer5A_Handler               
000004e7  Timer5B_Handler               
000004e9  WideTimer0A_Handler           
000004eb  WideTimer0B_Handler           
000004ed  WideTimer1A_Handler           
000004ef  WideTimer1B_Handler           
000004f1  WideTimer2A_Handler           
000004f3  WideTimer2B_Handler           
000004f5  WideTimer3A_Handler           
000004f7  WideTimer3B_Handler           
000004f9  WideTimer4A_Handler           
000004fb  WideTimer4B_Handler           
000004fd  WideTimer5A_Handler           
000004ff  WideTimer5B_Handler           
00000501  FPU_Handler                   
00000503  PECI0_Handler                 
00000505  LPC0_Handler                  
00000507  I2C4_Handler                  
00000509  I2C5_Handler                  
0000050b  GPIOPortM_Handler             
0000050d  GPIOPortN_Handler             
0000050f  Quadrature2_Handler           
00000511  Fan0_Handler                  
00000513  GPIOPortP_Handler             
00000515  GPIOPortP1_Handler            
00000517  GPIOPortP2_Handler            
00000519  GPIOPortP3_Handler            
0000051b  GPIOPortP4_Handler            
0000051d  GPIOPortP5_Handler            
0000051f  GPIOPortP6_Handler            
00000521  GPIOPortP7_Handler            
00000523  GPIOPortQ_Handler             
00000525  GPIOPortQ1_Handler            
00000527  GPIOPortQ2_Handler            
00000529  GPIOPortQ3_Handler            
0000052b  GPIOPortQ4_Handler            
0000052d  GPIOPortQ5_Handler            
0000052f  GPIOPortQ6_Handler            
00000531  GPIOPortQ7_Handler            
00000533  GPIOPortR_Handler             
00000535  GPIOPortS_Handler             
00000537  PWM1Generator0_Handler        
00000539  PWM1Generator1_Handler        
0000053b  PWM1Generator2_Handler        
0000053d  PWM1Generator3_Handler        
0000053f  PWM1Fault_Handler             
00000541  DisableInterrupts             
00000545  EnableInterrupts              
00000549  StartCritical                 
00000551  EndCritical                   
00000557  WaitForInterrupt              
0000055d  SSI2_init                     
000005c3  SSI2_write                    
00000639  main                          
00000701  Timer0A_Init                  
00000711  Timer0A_Wait                  
0000076d  Timer0A_Wait1ms               
000007c5  __aeabi_memcpy                
000007c5  __aeabi_memcpy4               
000007c5  __aeabi_memcpy8               
000007c5  memcpy                        
00000861  PLL_Init                      
000008e9  __TI_decompress_lzss          
00000951  __TI_auto_init_nobinit_nopinit
00000995  _c_int00_noargs               
000009c9  __TI_decompress_none          
000009d7  _system_pre_init              
000009db  C$$EXIT                       
000009db  abort                         
00000a08  __TI_Handler_Table_Base       
00000a10  __TI_CINIT_Base               
00000a10  __TI_Handler_Table_Limit      
00000a18  __TI_CINIT_Limit              
20000000  __stack                       
20000000  __start___llvm_prf_cnts       
20000000  __stop___llvm_prf_cnts        
20000200  __STACK_END                   
20000200  __STACK_TOP                   
20000200  sysClkFreq                    
ffffffff  __TI_pprof_out_hndl           
ffffffff  __TI_prof_data_size           
ffffffff  __TI_prof_data_start          
ffffffff  __binit__                     
ffffffff  __c_args__                    
ffffffff  binit                         
UNDEFED   __mpu_init                    
UNDEFED   _system_post_cinit            

[172 symbols]
